LED.h:81:14:void DigitalLED_RGB::On_R()	16	static
LED.h:82:14:void DigitalLED_RGB::On_G()	16	static
LED.h:83:14:void DigitalLED_RGB::On_B()	16	static
LED.h:87:14:void DigitalLED_RGB::Off_R()	16	static
LED.h:88:14:void DigitalLED_RGB::Off_G()	16	static
LED.h:89:14:void DigitalLED_RGB::Off_B()	16	static
LED.h:92:14:void DigitalLED_RGB::Toggle_R()	16	static
LED.h:93:14:void DigitalLED_RGB::Toggle_G()	16	static
LED.h:94:14:void DigitalLED_RGB::Toggle_B()	16	static
LED.h:145:14:void AnalogLED::Set(uint32_t)	16	static
LED.h:149:18:uint32_t AnalogLED::Get()	16	static
LED.h:225:14:void AnalogLED_RGB::On_R()	16	static
LED.h:226:14:void AnalogLED_RGB::On_G()	16	static
LED.h:227:14:void AnalogLED_RGB::On_B()	16	static
LED.h:230:14:void AnalogLED_RGB::Off_R()	16	static
LED.h:231:14:void AnalogLED_RGB::Off_G()	16	static
LED.h:232:14:void AnalogLED_RGB::Off_B()	16	static
LED.h:235:14:void AnalogLED_RGB::Set_R(uint32_t)	16	static
LED.h:239:14:void AnalogLED_RGB::Set_G(uint32_t)	16	static
LED.h:243:14:void AnalogLED_RGB::Set_B(uint32_t)	16	static
LED.h:249:18:uint32_t AnalogLED_RGB::Get_R()	16	static
LED.h:250:18:uint32_t AnalogLED_RGB::Get_G()	16	static
LED.h:251:18:uint32_t AnalogLED_RGB::Get_B()	16	static
LED.h:258:14:void AnalogLED_RGB::SetN_R(double)	32	static
LED.h:259:14:void AnalogLED_RGB::SetN_G(double)	32	static
LED.h:260:14:void AnalogLED_RGB::SetN_B(double)	32	static
LED.cpp:6:6:void DigitalLED_RGB::On()	16	static
LED.cpp:12:6:void DigitalLED_RGB::On(bool, bool, bool)	16	static
LED.cpp:18:6:void DigitalLED_RGB::Off()	16	static
LED.cpp:24:6:void DigitalLED_RGB::Toggle()	16	static
LED.cpp:36:6:void AnalogLED::SetN(double)	32	static
LED.cpp:40:8:double AnalogLED::GetN()	24	static
LED.cpp:49:6:void AnalogLED_RGB::On()	16	static
LED.cpp:55:6:void AnalogLED_RGB::Off()	16	static
LED.cpp:61:6:void AnalogLED_RGB::Set(uint32_t, uint32_t, uint32_t)	24	static
LED.cpp:67:6:void AnalogLED_RGB::Set(uint32_t)	16	static
LED.cpp:73:6:void AnalogLED_RGB::SetN(double, double, double)	24	static
LED.cpp:79:6:void AnalogLED_RGB::SetN(double)	24	static
LED.cpp:85:8:double AnalogLED_RGB::GetN_R()	24	static
LED.cpp:89:8:double AnalogLED_RGB::GetN_G()	24	static
LED.cpp:93:8:double AnalogLED_RGB::GetN_B()	24	static
