Archive member included to satisfy reference by file (symbol)

c:/st/stm32cubeide_1.4.0/stm32cubeide/plugins/com.st.stm32cube.ide.mcu.externaltools.gnu-tools-for-stm32.7-2018-q2-update.win32_1.5.0.202011040924/tools/bin/../lib/gcc/arm-none-eabi/7.3.1/../../../../arm-none-eabi/lib/thumb/v7-m\libm.a(lib_a-sf_atan.o)
                              Core/Src/MPU6050.o (atanf)
c:/st/stm32cubeide_1.4.0/stm32cubeide/plugins/com.st.stm32cube.ide.mcu.externaltools.gnu-tools-for-stm32.7-2018-q2-update.win32_1.5.0.202011040924/tools/bin/../lib/gcc/arm-none-eabi/7.3.1/../../../../arm-none-eabi/lib/thumb/v7-m\libm.a(lib_a-sf_fabs.o)
                              c:/st/stm32cubeide_1.4.0/stm32cubeide/plugins/com.st.stm32cube.ide.mcu.externaltools.gnu-tools-for-stm32.7-2018-q2-update.win32_1.5.0.202011040924/tools/bin/../lib/gcc/arm-none-eabi/7.3.1/../../../../arm-none-eabi/lib/thumb/v7-m\libm.a(lib_a-sf_atan.o) (fabsf)
c:/st/stm32cubeide_1.4.0/stm32cubeide/plugins/com.st.stm32cube.ide.mcu.externaltools.gnu-tools-for-stm32.7-2018-q2-update.win32_1.5.0.202011040924/tools/bin/../lib/gcc/arm-none-eabi/7.3.1/../../../../arm-none-eabi/lib/thumb/v7-m\libm.a(lib_a-wf_asin.o)
                              Core/Src/MPU6050.o (asinf)
c:/st/stm32cubeide_1.4.0/stm32cubeide/plugins/com.st.stm32cube.ide.mcu.externaltools.gnu-tools-for-stm32.7-2018-q2-update.win32_1.5.0.202011040924/tools/bin/../lib/gcc/arm-none-eabi/7.3.1/../../../../arm-none-eabi/lib/thumb/v7-m\libm.a(lib_a-wf_atan2.o)
                              Core/Src/MPU6050.o (atan2f)
c:/st/stm32cubeide_1.4.0/stm32cubeide/plugins/com.st.stm32cube.ide.mcu.externaltools.gnu-tools-for-stm32.7-2018-q2-update.win32_1.5.0.202011040924/tools/bin/../lib/gcc/arm-none-eabi/7.3.1/../../../../arm-none-eabi/lib/thumb/v7-m\libm.a(lib_a-wf_pow.o)
                              Core/Src/LED.o (powf)
c:/st/stm32cubeide_1.4.0/stm32cubeide/plugins/com.st.stm32cube.ide.mcu.externaltools.gnu-tools-for-stm32.7-2018-q2-update.win32_1.5.0.202011040924/tools/bin/../lib/gcc/arm-none-eabi/7.3.1/../../../../arm-none-eabi/lib/thumb/v7-m\libm.a(lib_a-wf_sqrt.o)
                              Core/Src/MPU6050.o (sqrtf)
c:/st/stm32cubeide_1.4.0/stm32cubeide/plugins/com.st.stm32cube.ide.mcu.externaltools.gnu-tools-for-stm32.7-2018-q2-update.win32_1.5.0.202011040924/tools/bin/../lib/gcc/arm-none-eabi/7.3.1/../../../../arm-none-eabi/lib/thumb/v7-m\libm.a(lib_a-ef_asin.o)
                              c:/st/stm32cubeide_1.4.0/stm32cubeide/plugins/com.st.stm32cube.ide.mcu.externaltools.gnu-tools-for-stm32.7-2018-q2-update.win32_1.5.0.202011040924/tools/bin/../lib/gcc/arm-none-eabi/7.3.1/../../../../arm-none-eabi/lib/thumb/v7-m\libm.a(lib_a-wf_asin.o) (__ieee754_asinf)
c:/st/stm32cubeide_1.4.0/stm32cubeide/plugins/com.st.stm32cube.ide.mcu.externaltools.gnu-tools-for-stm32.7-2018-q2-update.win32_1.5.0.202011040924/tools/bin/../lib/gcc/arm-none-eabi/7.3.1/../../../../arm-none-eabi/lib/thumb/v7-m\libm.a(lib_a-ef_atan2.o)
                              c:/st/stm32cubeide_1.4.0/stm32cubeide/plugins/com.st.stm32cube.ide.mcu.externaltools.gnu-tools-for-stm32.7-2018-q2-update.win32_1.5.0.202011040924/tools/bin/../lib/gcc/arm-none-eabi/7.3.1/../../../../arm-none-eabi/lib/thumb/v7-m\libm.a(lib_a-wf_atan2.o) (__ieee754_atan2f)
c:/st/stm32cubeide_1.4.0/stm32cubeide/plugins/com.st.stm32cube.ide.mcu.externaltools.gnu-tools-for-stm32.7-2018-q2-update.win32_1.5.0.202011040924/tools/bin/../lib/gcc/arm-none-eabi/7.3.1/../../../../arm-none-eabi/lib/thumb/v7-m\libm.a(lib_a-ef_pow.o)
                              c:/st/stm32cubeide_1.4.0/stm32cubeide/plugins/com.st.stm32cube.ide.mcu.externaltools.gnu-tools-for-stm32.7-2018-q2-update.win32_1.5.0.202011040924/tools/bin/../lib/gcc/arm-none-eabi/7.3.1/../../../../arm-none-eabi/lib/thumb/v7-m\libm.a(lib_a-wf_pow.o) (__ieee754_powf)
c:/st/stm32cubeide_1.4.0/stm32cubeide/plugins/com.st.stm32cube.ide.mcu.externaltools.gnu-tools-for-stm32.7-2018-q2-update.win32_1.5.0.202011040924/tools/bin/../lib/gcc/arm-none-eabi/7.3.1/../../../../arm-none-eabi/lib/thumb/v7-m\libm.a(lib_a-ef_sqrt.o)
                              c:/st/stm32cubeide_1.4.0/stm32cubeide/plugins/com.st.stm32cube.ide.mcu.externaltools.gnu-tools-for-stm32.7-2018-q2-update.win32_1.5.0.202011040924/tools/bin/../lib/gcc/arm-none-eabi/7.3.1/../../../../arm-none-eabi/lib/thumb/v7-m\libm.a(lib_a-wf_sqrt.o) (__ieee754_sqrtf)
c:/st/stm32cubeide_1.4.0/stm32cubeide/plugins/com.st.stm32cube.ide.mcu.externaltools.gnu-tools-for-stm32.7-2018-q2-update.win32_1.5.0.202011040924/tools/bin/../lib/gcc/arm-none-eabi/7.3.1/../../../../arm-none-eabi/lib/thumb/v7-m\libm.a(lib_a-s_lib_ver.o)
                              c:/st/stm32cubeide_1.4.0/stm32cubeide/plugins/com.st.stm32cube.ide.mcu.externaltools.gnu-tools-for-stm32.7-2018-q2-update.win32_1.5.0.202011040924/tools/bin/../lib/gcc/arm-none-eabi/7.3.1/../../../../arm-none-eabi/lib/thumb/v7-m\libm.a(lib_a-wf_asin.o) (__fdlib_version)
[...]
Memory Configuration

Name             Origin             Length             Attributes
RAM              0x0000000020000000 0x0000000000005000 xrw
FLASH            0x0000000008000000 0x0000000000010000 xr
*default*        0x0000000000000000 0xffffffffffffffff

Linker script and memory map

LOAD c:/st/stm32cubeide_1.4.0/stm32cubeide/plugins/com.st.stm32cube.ide.mcu.externaltools.gnu-tools-for-stm32.7-2018-q2-update.win32_1.5.0.202011040924/tools/bin/../lib/gcc/arm-none-eabi/7.3.1/thumb/v7-m/crti.o
LOAD c:/st/stm32cubeide_1.4.0/stm32cubeide/plugins/com.st.stm32cube.ide.mcu.externaltools.gnu-tools-for-stm32.7-2018-q2-update.win32_1.5.0.202011040924/tools/bin/../lib/gcc/arm-none-eabi/7.3.1/thumb/v7-m/crtbegin.o
LOAD c:/st/stm32cubeide_1.4.0/stm32cubeide/plugins/com.st.stm32cube.ide.mcu.externaltools.gnu-tools-for-stm32.7-2018-q2-update.win32_1.5.0.202011040924/tools/bin/../lib/gcc/arm-none-eabi/7.3.1/../../../../arm-none-eabi/lib/thumb/v7-m/crt0.o
LOAD Core/Src/CONTROL.o
LOAD Core/Src/FIXED.o
LOAD Core/Src/I2Cdev.o
LOAD Core/Src/LED.o
LOAD Core/Src/MOTOR.o
LOAD Core/Src/MPU6050.o
LOAD Core/Src/adc.o
LOAD Core/Src/dma.o
LOAD Core/Src/gpio.o
LOAD Core/Src/i2c.o
LOAD Core/Src/main.o
LOAD Core/Src/stm32f1xx_hal_msp.o
LOAD Core/Src/stm32f1xx_it.o
LOAD Core/Src/syscalls.o
LOAD Core/Src/sysmem.o
LOAD Core/Src/system_stm32f1xx.o
LOAD Core/Src/tim.o
LOAD Core/Src/usart.o
LOAD Core/Startup/startup_stm32f103c8tx.o
LOAD Drivers/STM32F1xx_HAL_Driver/Src/stm32f1xx_hal.o
LOAD Drivers/STM32F1xx_HAL_Driver/Src/stm32f1xx_hal_adc.o
LOAD Drivers/STM32F1xx_HAL_Driver/Src/stm32f1xx_hal_adc_ex.o
LOAD Drivers/STM32F1xx_HAL_Driver/Src/stm32f1xx_hal_cortex.o
LOAD Drivers/STM32F1xx_HAL_Driver/Src/stm32f1xx_hal_dma.o
LOAD Drivers/STM32F1xx_HAL_Driver/Src/stm32f1xx_hal_exti.o
LOAD Drivers/STM32F1xx_HAL_Driver/Src/stm32f1xx_hal_flash.o
LOAD Drivers/STM32F1xx_HAL_Driver/Src/stm32f1xx_hal_flash_ex.o
LOAD Drivers/STM32F1xx_HAL_Driver/Src/stm32f1xx_hal_gpio.o
LOAD Drivers/STM32F1xx_HAL_Driver/Src/stm32f1xx_hal_gpio_ex.o
LOAD Drivers/STM32F1xx_HAL_Driver/Src/stm32f1xx_hal_i2c.o
LOAD Drivers/STM32F1xx_HAL_Driver/Src/stm32f1xx_hal_pwr.o
LOAD Drivers/STM32F1xx_HAL_Driver/Src/stm32f1xx_hal_rcc.o
LOAD Drivers/STM32F1xx_HAL_Driver/Src/stm32f1xx_hal_rcc_ex.o
LOAD Drivers/STM32F1xx_HAL_Driver/Src/stm32f1xx_hal_tim.o
LOAD Drivers/STM32F1xx_HAL_Driver/Src/stm32f1xx_hal_tim_ex.o
LOAD Drivers/STM32F1xx_HAL_Driver/Src/stm32f1xx_hal_uart.o
START GROUP
LOAD c:/st/stm32cubeide_1.4.0/stm32cubeide/plugins/com.st.stm32cube.ide.mcu.externaltools.gnu-tools-for-stm32.7-2018-q2-update.win32_1.5.0.202011040924/tools/bin/../lib/gcc/arm-none-eabi/7.3.1/../../../../arm-none-eabi/lib/thumb/v7-m\libstdc++_nano.a
LOAD c:/st/stm32cubeide_1.4.0/stm32cubeide/plugins/com.st.stm32cube.ide.mcu.externaltools.gnu-tools-for-stm32.7-2018-q2-update.win32_1.5.0.202011040924/tools/bin/../lib/gcc/arm-none-eabi/7.3.1/../../../../arm-none-eabi/lib/thumb/v7-m\libsupc++_nano.a
END GROUP
LOAD c:/st/stm32cubeide_1.4.0/stm32cubeide/plugins/com.st.stm32cube.ide.mcu.externaltools.gnu-tools-for-stm32.7-2018-q2-update.win32_1.5.0.202011040924/tools/bin/../lib/gcc/arm-none-eabi/7.3.1/../../../../arm-none-eabi/lib/thumb/v7-m\libstdc++_nano.a
LOAD c:/st/stm32cubeide_1.4.0/stm32cubeide/plugins/com.st.stm32cube.ide.mcu.externaltools.gnu-tools-for-stm32.7-2018-q2-update.win32_1.5.0.202011040924/tools/bin/../lib/gcc/arm-none-eabi/7.3.1/../../../../arm-none-eabi/lib/thumb/v7-m\libm.a
LOAD c:/st/stm32cubeide_1.4.0/stm32cubeide/plugins/com.st.stm32cube.ide.mcu.externaltools.gnu-tools-for-stm32.7-2018-q2-update.win32_1.5.0.202011040924/tools/bin/../lib/gcc/arm-none-eabi/7.3.1/../../../../arm-none-eabi/lib/thumb/v7-m\libc_nano.a
START GROUP
LOAD c:/st/stm32cubeide_1.4.0/stm32cubeide/plugins/com.st.stm32cube.ide.mcu.externaltools.gnu-tools-for-stm32.7-2018-q2-update.win32_1.5.0.202011040924/tools/bin/../lib/gcc/arm-none-eabi/7.3.1/thumb/v7-m\libgcc.a
LOAD c:/st/stm32cubeide_1.4.0/stm32cubeide/plugins/com.st.stm32cube.ide.mcu.externaltools.gnu-tools-for-stm32.7-2018-q2-update.win32_1.5.0.202011040924/tools/bin/../lib/gcc/arm-none-eabi/7.3.1/../../../../arm-none-eabi/lib/thumb/v7-m\libc_nano.a
END GROUP
START GROUP
LOAD c:/st/stm32cubeide_1.4.0/stm32cubeide/plugins/com.st.stm32cube.ide.mcu.externaltools.gnu-tools-for-stm32.7-2018-q2-update.win32_1.5.0.202011040924/tools/bin/../lib/gcc/arm-none-eabi/7.3.1/thumb/v7-m\libgcc.a
LOAD c:/st/stm32cubeide_1.4.0/stm32cubeide/plugins/com.st.stm32cube.ide.mcu.externaltools.gnu-tools-for-stm32.7-2018-q2-update.win32_1.5.0.202011040924/tools/bin/../lib/gcc/arm-none-eabi/7.3.1/../../../../arm-none-eabi/lib/thumb/v7-m\libc_nano.a
END GROUP
LOAD c:/st/stm32cubeide_1.4.0/stm32cubeide/plugins/com.st.stm32cube.ide.mcu.externaltools.gnu-tools-for-stm32.7-2018-q2-update.win32_1.5.0.202011040924/tools/bin/../lib/gcc/arm-none-eabi/7.3.1/thumb/v7-m/crtend.o
LOAD c:/st/stm32cubeide_1.4.0/stm32cubeide/plugins/com.st.stm32cube.ide.mcu.externaltools.gnu-tools-for-stm32.7-2018-q2-update.win32_1.5.0.202011040924/tools/bin/../lib/gcc/arm-none-eabi/7.3.1/thumb/v7-m/crtn.o
                0x0000000020005000                _estack = (ORIGIN (RAM) + LENGTH (RAM))
                0x0000000000000200                _Min_Heap_Size = 0x200
                0x0000000000000400                _Min_Stack_Size = 0x400

.isr_vector     0x0000000008000000      0x10c
                0x0000000008000000                . = ALIGN (0x4)
 *(.isr_vector)
 .isr_vector    0x0000000008000000      0x10c Core/Startup/startup_stm32f103c8tx.o
                0x0000000008000000                g_pfnVectors
                0x000000000800010c                . = ALIGN (0x4)

.text           0x0000000008000110     0x810c
                0x0000000008000110                . = ALIGN (0x4)
 *(.text)
 .text          0x0000000008000110       0x40 c:/st/stm32cubeide_1.4.0/stm32cubeide/plugins/com.st.stm32cube.ide.mcu.externaltools.gnu-tools-for-stm32.7-2018-q2-update.win32_1.5.0.202011040924/tools/bin/../lib/gcc/arm-none-eabi/7.3.1/thumb/v7-m/crtbegin.o
 .text          0x0000000008000150      0x378 c:/st/stm32cubeide_1.4.0/stm32cubeide/plugins/com.st.stm32cube.ide.mcu.externaltools.gnu-tools-for-stm32.7-2018-q2-update.win32_1.5.0.202011040924/tools/bin/../lib/gcc/arm-none-eabi/7.3.1/thumb/v7-m\libgcc.a(_arm_addsubdf3.o)
                0x0000000008000150                __aeabi_drsub
                0x0000000008000158                __aeabi_dsub
                0x0000000008000158                __subdf3
                0x000000000800015c                __aeabi_dadd
                0x000000000800015c                __adddf3
                0x00000000080003d4                __floatunsidf
                0x00000000080003d4                __aeabi_ui2d
                0x00000000080003f4                __floatsidf
                0x00000000080003f4                __aeabi_i2d
                0x0000000008000418                __aeabi_f2d
                0x0000000008000418                __extendsfdf2
                0x000000000800045c                __floatundidf
                0x000000000800045c                __aeabi_ul2d
                0x000000000800046c                __floatdidf
                0x000000000800046c                __aeabi_l2d
 .text          0x00000000080004c8      0x424 c:/st/stm32cubeide_1.4.0/stm32cubeide/plugins/com.st.stm32cube.ide.mcu.externaltools.gnu-tools-for-stm32.7-2018-q2-update.win32_1.5.0.202011040924/tools/bin/../lib/gcc/arm-none-eabi/7.3.1/thumb/v7-m\libgcc.a(_arm_muldivdf3.o)
                0x00000000080004c8                __aeabi_dmul
                0x00000000080004c8                __muldf3
                0x000000000800071c                __divdf3
                0x000000000800071c                __aeabi_ddiv
 .text          0x00000000080008ec       0x40 c:/st/stm32cubeide_1.4.0/stm32cubeide/plugins/com.st.stm32cube.ide.mcu.externaltools.gnu-tools-for-stm32.7-2018-q2-update.win32_1.5.0.202011040924/tools/bin/../lib/gcc/arm-none-eabi/7.3.1/thumb/v7-m\libgcc.a(_arm_fixunsdfsi.o)
                0x00000000080008ec                __aeabi_d2uiz
                0x00000000080008ec                __fixunsdfsi
 .text          0x000000000800092c       0xa0 c:/st/stm32cubeide_1.4.0/stm32cubeide/plugins/com.st.stm32cube.ide.mcu.externaltools.gnu-tools-for-stm32.7-2018-q2-update.win32_1.5.0.202011040924/tools/bin/../lib/gcc/arm-none-eabi/7.3.1/thumb/v7-m\libgcc.a(_arm_truncdfsf2.o)
                0x000000000800092c                __truncdfsf2
                0x000000000800092c                __aeabi_d2f
 .text          0x00000000080009cc      0x21c c:/st/stm32cubeide_1.4.0/stm32cubeide/plugins/com.st.stm32cube.ide.mcu.externaltools.gnu-tools-for-stm32.7-2018-q2-update.win32_1.5.0.202011040924/tools/bin/../lib/gcc/arm-none-eabi/7.3.1/thumb/v7-m\libgcc.a(_arm_addsubsf3.o)
                0x00000000080009cc                __aeabi_frsub
                0x00000000080009d4                __subsf3
                0x00000000080009d4                __aeabi_fsub
                0x00000000080009d8                __aeabi_fadd
                0x00000000080009d8                __addsf3
                0x0000000008000b38                __aeabi_ui2f
                0x0000000008000b38                __floatunsisf
                0x0000000008000b40                __aeabi_i2f
                0x0000000008000b40                __floatsisf
                0x0000000008000b5c                __aeabi_ul2f
                0x0000000008000b5c                __floatundisf
                0x0000000008000b6c                __aeabi_l2f
                0x0000000008000b6c                __floatdisf
 .text          0x0000000008000be8      0x2a0 c:/st/stm32cubeide_1.4.0/stm32cubeide/plugins/com.st.stm32cube.ide.mcu.externaltools.gnu-tools-for-stm32.7-2018-q2-update.win32_1.5.0.202011040924/tools/bin/../lib/gcc/arm-none-eabi/7.3.1/thumb/v7-m\libgcc.a(_arm_muldivsf3.o)
                0x0000000008000be8                __mulsf3
                0x0000000008000be8                __aeabi_fmul
                0x0000000008000d50                __aeabi_fdiv
                0x0000000008000d50                __divsf3
 .text          0x0000000008000e88       0xec c:/st/stm32cubeide_1.4.0/stm32cubeide/plugins/com.st.stm32cube.ide.mcu.externaltools.gnu-tools-for-stm32.7-2018-q2-update.win32_1.5.0.202011040924/tools/bin/../lib/gcc/arm-none-eabi/7.3.1/thumb/v7-m\libgcc.a(_arm_cmpsf2.o)
                0x0000000008000e88                __gesf2
                0x0000000008000e88                __gtsf2
                0x0000000008000e90                __lesf2
                0x0000000008000e90                __ltsf2
                0x0000000008000e98                __nesf2
                0x0000000008000e98                __eqsf2
                0x0000000008000e98                __cmpsf2
                0x0000000008000ef8                __aeabi_cfrcmple
                0x0000000008000f00                __aeabi_cfcmpeq
                0x0000000008000f00                __aeabi_cfcmple
                0x0000000008000f10                __aeabi_fcmpeq
                0x0000000008000f24                __aeabi_fcmplt
                0x0000000008000f38                __aeabi_fcmple
                0x0000000008000f4c                __aeabi_fcmpge
                0x0000000008000f60                __aeabi_fcmpgt
 .text          0x0000000008000f74       0x4c c:/st/stm32cubeide_1.4.0/stm32cubeide/plugins/com.st.stm32cube.ide.mcu.externaltools.gnu-tools-for-stm32.7-2018-q2-update.win32_1.5.0.202011040924/tools/bin/../lib/gcc/arm-none-eabi/7.3.1/thumb/v7-m\libgcc.a(_arm_fixsfsi.o)
                0x0000000008000f74                __aeabi_f2iz
                0x0000000008000f74                __fixsfsi
 .text          0x0000000008000fc0       0x40 c:/st/stm32cubeide_1.4.0/stm32cubeide/plugins/com.st.stm32cube.ide.mcu.externaltools.gnu-tools-for-stm32.7-2018-q2-update.win32_1.5.0.202011040924/tools/bin/../lib/gcc/arm-none-eabi/7.3.1/thumb/v7-m\libgcc.a(_arm_fixunssfsi.o)
                0x0000000008000fc0                __fixunssfsi
                0x0000000008000fc0                __aeabi_f2uiz
 *(.text*)
 .text._ZN14DigitalLED_RGB4InitEP12GPIO_TypeDeftS1_tS1_tb
                0x0000000008001000       0x46 Core/Src/CONTROL.o
                0x0000000008001000                DigitalLED_RGB::Init(GPIO_TypeDef*, unsigned short, GPIO_TypeDef*, unsigned short, GPIO_TypeDef*, unsigned short, bool)
 *fill*         0x0000000008001046        0x2 
 .text._ZN6I2Cdev4InitEP19__I2C_HandleTypeDef
                0x0000000008001048       0x20 Core/Src/CONTROL.o
                0x0000000008001048                I2Cdev::Init(__I2C_HandleTypeDef*)
 .text._Z3maxff
                0x0000000008001068       0x56 Core/Src/CONTROL.o
                0x0000000008001068                max(float, float)
 *fill*         0x00000000080010be        0x2 
 .text._Z5setupv
                0x00000000080010c0      0x1e8 Core/Src/CONTROL.o
                0x00000000080010c0                setup()
 .text._Z4loopv
                0x00000000080012a8       0x40 Core/Src/CONTROL.o
                0x00000000080012a8                loop()
 .text._Z6setRGBP14DigitalLED_RGBi
                0x00000000080012e8       0x48 Core/Src/CONTROL.o
                0x00000000080012e8                setRGB(DigitalLED_RGB*, int)
 .text._Z9setServosP10ServoMotorS0_ii
                0x0000000008001330       0xd0 Core/Src/CONTROL.o
                0x0000000008001330                setServos(ServoMotor*, ServoMotor*, int, int)
 .text._Z9setMotorsP7DCMotorS0_ii
                0x0000000008001400      0x544 Core/Src/CONTROL.o
                0x0000000008001400                setMotors(DCMotor*, DCMotor*, int, int)
 .text._Z13UART_CallbackP20__UART_HandleTypeDef
                0x0000000008001944      0x200 Core/Src/CONTROL.o
                0x0000000008001944                UART_Callback(__UART_HandleTypeDef*)
 .text.extern_setup
                0x0000000008001b44        0xc Core/Src/CONTROL.o
                0x0000000008001b44                extern_setup
 .text.extern_loop
                0x0000000008001b50        0xc Core/Src/CONTROL.o
                0x0000000008001b50                extern_loop
 .text.extern_UART_Callback
                0x0000000008001b5c       0x16 Core/Src/CONTROL.o
                0x0000000008001b5c                extern_UART_Callback
 *fill*         0x0000000008001b72        0x2 
 .text._Z41__static_initialization_and_destruction_0ii
                0x0000000008001b74       0x38 Core/Src/CONTROL.o
 .text._GLOBAL__sub_I_rgb1
                0x0000000008001bac       0x10 Core/Src/CONTROL.o
 .text._ZN6I2CdevC2Ev
                0x0000000008001bbc       0x14 Core/Src/I2Cdev.o
                0x0000000008001bbc                I2Cdev::I2Cdev()
                0x0000000008001bbc                I2Cdev::I2Cdev()
 .text._ZN6I2Cdev8readByteEhhPht
                0x0000000008001bd0       0x30 Core/Src/I2Cdev.o
                0x0000000008001bd0                I2Cdev::readByte(unsigned char, unsigned char, unsigned char*, unsigned short)
 .text._ZN6I2Cdev9readBytesEhhhPht
                0x0000000008001c00       0x58 Core/Src/I2Cdev.o
                0x0000000008001c00                I2Cdev::readBytes(unsigned char, unsigned char, unsigned char, unsigned char*, unsigned short)
 .text._ZN6I2Cdev8writeBitEhhhh
                0x0000000008001c58       0x80 Core/Src/I2Cdev.o
                0x0000000008001c58                I2Cdev::writeBit(unsigned char, unsigned char, unsigned char, unsigned char)
 .text._ZN6I2Cdev9writeBitsEhhhhh
                0x0000000008001cd8       0xb8 Core/Src/I2Cdev.o
                0x0000000008001cd8                I2Cdev::writeBits(unsigned char, unsigned char, unsigned char, unsigned char, unsigned char)
 .text._ZN6I2Cdev9writeByteEhhh
                0x0000000008001d90       0x28 Core/Src/I2Cdev.o
                0x0000000008001d90                I2Cdev::writeByte(unsigned char, unsigned char, unsigned char)
 .text._ZN6I2Cdev9writeWordEhht
                0x0000000008001db8       0x38 Core/Src/I2Cdev.o
                0x0000000008001db8                I2Cdev::writeWord(unsigned char, unsigned char, unsigned short)
 .text._ZN6I2Cdev10writeBytesEhhhPh
                0x0000000008001df0       0x58 Core/Src/I2Cdev.o
                0x0000000008001df0                I2Cdev::writeBytes(unsigned char, unsigned char, unsigned char, unsigned char*)
 .text._ZN14DigitalLED_RGB4On_REv
                0x0000000008001e48       0x2c Core/Src/LED.o
                0x0000000008001e48                DigitalLED_RGB::On_R()
 .text._ZN14DigitalLED_RGB4On_GEv
                0x0000000008001e74       0x2c Core/Src/LED.o
                0x0000000008001e74                DigitalLED_RGB::On_G()
 .text._ZN14DigitalLED_RGB4On_BEv
                0x0000000008001ea0       0x2c Core/Src/LED.o
                0x0000000008001ea0                DigitalLED_RGB::On_B()
 .text._ZN14DigitalLED_RGB5Off_REv
                0x0000000008001ecc       0x2c Core/Src/LED.o
                0x0000000008001ecc                DigitalLED_RGB::Off_R()
 .text._ZN14DigitalLED_RGB5Off_GEv
                0x0000000008001ef8       0x2c Core/Src/LED.o
                0x0000000008001ef8                DigitalLED_RGB::Off_G()
 .text._ZN14DigitalLED_RGB5Off_BEv
                0x0000000008001f24       0x2c Core/Src/LED.o
                0x0000000008001f24                DigitalLED_RGB::Off_B()
 .text._ZN14DigitalLED_RGB8Toggle_REv
                0x0000000008001f50       0x20 Core/Src/LED.o
                0x0000000008001f50                DigitalLED_RGB::Toggle_R()
 .text._ZN14DigitalLED_RGB8Toggle_GEv
                0x0000000008001f70       0x20 Core/Src/LED.o
                0x0000000008001f70                DigitalLED_RGB::Toggle_G()
 .text._ZN14DigitalLED_RGB8Toggle_BEv
                0x0000000008001f90       0x20 Core/Src/LED.o
                0x0000000008001f90                DigitalLED_RGB::Toggle_B()
 .text._ZN14DigitalLED_RGB2OnEbbb
                0x0000000008001fb0       0x5e Core/Src/LED.o
                0x0000000008001fb0                DigitalLED_RGB::On(bool, bool, bool)
 .text._ZN14DigitalLED_RGB3OffEv
                0x000000000800200e       0x22 Core/Src/LED.o
                0x000000000800200e                DigitalLED_RGB::Off()
 .text._ZN14DigitalLED_RGB6ToggleEv
                0x0000000008002030       0x22 Core/Src/LED.o
                0x0000000008002030                DigitalLED_RGB::Toggle()
 .text._ZN10ServoMotor4InitEP17TIM_HandleTypeDefmmmb
                0x0000000008002052       0x5c Core/Src/MOTOR.o
                0x0000000008002052                ServoMotor::Init(TIM_HandleTypeDef*, unsigned long, unsigned long, unsigned long, bool)
 *fill*         0x00000000080020ae        0x2 
 .text._ZN10ServoMotor8SetAngleEm
                0x00000000080020b0      0x170 Core/Src/MOTOR.o
                0x00000000080020b0                ServoMotor::SetAngle(unsigned long)
 .text._ZN10ServoMotor15SetAngleProcentEm
                0x0000000008002220       0x68 Core/Src/MOTOR.o
                0x0000000008002220                ServoMotor::SetAngleProcent(unsigned long)
 .text._ZN10ServoMotor9SetNormalEv
                0x0000000008002288       0x48 Core/Src/MOTOR.o
                0x0000000008002288                ServoMotor::SetNormal()
 .text._ZN10ServoMotor10PwmClarifyEmm
                0x00000000080022d0       0x22 Core/Src/MOTOR.o
                0x00000000080022d0                ServoMotor::PwmClarify(unsigned long, unsigned long)
 .text._ZN7DCMotor4InitEP17TIM_HandleTypeDefmP12GPIO_TypeDeftS3_tb
                0x00000000080022f2       0x70 Core/Src/MOTOR.o
                0x00000000080022f2                DCMotor::Init(TIM_HandleTypeDef*, unsigned long, GPIO_TypeDef*, unsigned short, GPIO_TypeDef*, unsigned short, bool)
 .text._ZN7DCMotor8SetValueEh
                0x0000000008002362       0x1c Core/Src/MOTOR.o
                0x0000000008002362                DCMotor::SetValue(unsigned char)
 .text._ZN7DCMotor12SetDirectionEb
                0x000000000800237e       0x1c Core/Src/MOTOR.o
                0x000000000800237e                DCMotor::SetDirection(bool)
 .text._ZN7DCMotor3OffEv
                0x000000000800239a       0x76 Core/Src/MOTOR.o
                0x000000000800239a                DCMotor::Off()
 .text._ZN7Encoder4InitEP17TIM_HandleTypeDefmm
                0x0000000008002410       0x4a Core/Src/MOTOR.o
                0x0000000008002410                Encoder::Init(TIM_HandleTypeDef*, unsigned long, unsigned long)
 .text._ZN7MPU6050C2Ev
                0x000000000800245a       0x26 Core/Src/MPU6050.o
                0x000000000800245a                MPU6050::MPU6050()
                0x000000000800245a                MPU6050::MPU6050()
 .text._ZN7MPU605010initializeEv
                0x0000000008002480       0x30 Core/Src/MPU6050.o
                0x0000000008002480                MPU6050::initialize()
 .text._ZN7MPU60507setRateEh
                0x00000000080024b0       0x22 Core/Src/MPU6050.o
                0x00000000080024b0                MPU6050::setRate(unsigned char)
 .text._ZN7MPU605020setExternalFrameSyncEh
                0x00000000080024d2       0x26 Core/Src/MPU6050.o
                0x00000000080024d2                MPU6050::setExternalFrameSync(unsigned char)
 .text._ZN7MPU605011setDLPFModeEh
                0x00000000080024f8       0x26 Core/Src/MPU6050.o
                0x00000000080024f8                MPU6050::setDLPFMode(unsigned char)
 .text._ZN7MPU605026setFullScaleGyroscopeRangeEh
                0x000000000800251e       0x2c Core/Src/MPU6050.o
                0x000000000800251e                MPU6050::setFullScaleGyroscopeRange(unsigned char)
 .text._ZN7MPU605029setFullScaleAccelerationRangeEh
                0x000000000800254a       0x2c Core/Src/MPU6050.o
                0x000000000800254a                MPU6050::setFullScaleAccelerationRange(unsigned char)
 .text._ZN7MPU605027setMotionDetectionThresholdEh
                0x0000000008002576       0x22 Core/Src/MPU6050.o
                0x0000000008002576                MPU6050::setMotionDetectionThreshold(unsigned char)
 .text._ZN7MPU605026setMotionDetectionDurationEh
                0x0000000008002598       0x22 Core/Src/MPU6050.o
                0x0000000008002598                MPU6050::setMotionDetectionDuration(unsigned char)
 .text._ZN7MPU605031setZeroMotionDetectionThresholdEh
                0x00000000080025ba       0x22 Core/Src/MPU6050.o
                0x00000000080025ba                MPU6050::setZeroMotionDetectionThreshold(unsigned char)
 .text._ZN7MPU605030setZeroMotionDetectionDurationEh
                0x00000000080025dc       0x22 Core/Src/MPU6050.o
                0x00000000080025dc                MPU6050::setZeroMotionDetectionDuration(unsigned char)
 .text._ZN7MPU605015setSlaveAddressEhh
                0x00000000080025fe       0x3a Core/Src/MPU6050.o
                0x00000000080025fe                MPU6050::setSlaveAddress(unsigned char, unsigned char)
 .text._ZN7MPU605012getIntStatusEv
                0x0000000008002638       0x2c Core/Src/MPU6050.o
                0x0000000008002638                MPU6050::getIntStatus()
 .text._ZN7MPU605013setIntEnabledEh
                0x0000000008002664       0x22 Core/Src/MPU6050.o
                0x0000000008002664                MPU6050::setIntEnabled(unsigned char)
 .text._ZN7MPU60505resetEv
                0x0000000008002686       0x1e Core/Src/MPU6050.o
                0x0000000008002686                MPU6050::reset()
 .text._ZN7MPU60509resetFIFOEv
                0x00000000080026a4       0x1e Core/Src/MPU6050.o
                0x00000000080026a4                MPU6050::resetFIFO()
 .text._ZN7MPU605014resetI2CMasterEv
                0x00000000080026c2       0x1e Core/Src/MPU6050.o
                0x00000000080026c2                MPU6050::resetI2CMaster()
 .text._ZN7MPU605015setSleepEnabledEb
                0x00000000080026e0       0x22 Core/Src/MPU6050.o
                0x00000000080026e0                MPU6050::setSleepEnabled(bool)
 .text._ZN7MPU605014setFIFOEnabledEb
                0x0000000008002702       0x22 Core/Src/MPU6050.o
                0x0000000008002702                MPU6050::setFIFOEnabled(bool)
 .text._ZN7MPU605023setI2CMasterModeEnabledEb
                0x0000000008002724       0x22 Core/Src/MPU6050.o
                0x0000000008002724                MPU6050::setI2CMasterModeEnabled(bool)
 .text._ZN7MPU605014setClockSourceEh
                0x0000000008002746       0x26 Core/Src/MPU6050.o
                0x0000000008002746                MPU6050::setClockSource(unsigned char)
 .text._ZN7MPU605015setOTPBankValidEb
                0x000000000800276c       0x22 Core/Src/MPU6050.o
                0x000000000800276c                MPU6050::setOTPBankValid(bool)
 *fill*         0x000000000800278e        0x2 
 .text._ZN7MPU605012getFIFOCountEv
                0x0000000008002790       0x40 Core/Src/MPU6050.o
                0x0000000008002790                MPU6050::getFIFOCount()
 .text._ZN7MPU605012getFIFOBytesEPhh
                0x00000000080027d0       0x3c Core/Src/MPU6050.o
                0x00000000080027d0                MPU6050::getFIFOBytes(unsigned char*, unsigned char)
 .text._ZN7MPU605022setXAccelerationOffsetEs
                0x000000000800280c       0x22 Core/Src/MPU6050.o
                0x000000000800280c                MPU6050::setXAccelerationOffset(short)
 .text._ZN7MPU605022setYAccelerationOffsetEs
                0x000000000800282e       0x22 Core/Src/MPU6050.o
                0x000000000800282e                MPU6050::setYAccelerationOffset(short)
 .text._ZN7MPU605022setZAccelerationOffsetEs
                0x0000000008002850       0x22 Core/Src/MPU6050.o
                0x0000000008002850                MPU6050::setZAccelerationOffset(short)
 .text._ZN7MPU605019setXGyroscopeOffsetEs
                0x0000000008002872       0x22 Core/Src/MPU6050.o
                0x0000000008002872                MPU6050::setXGyroscopeOffset(short)
 .text._ZN7MPU605019setYGyroscopeOffsetEs
                0x0000000008002894       0x22 Core/Src/MPU6050.o
                0x0000000008002894                MPU6050::setYGyroscopeOffset(short)
 .text._ZN7MPU605019setZGyroscopeOffsetEs
                0x00000000080028b6       0x22 Core/Src/MPU6050.o
                0x00000000080028b6                MPU6050::setZGyroscopeOffset(short)
 .text._ZN7MPU605013setDMPEnabledEb
                0x00000000080028d8       0x22 Core/Src/MPU6050.o
                0x00000000080028d8                MPU6050::setDMPEnabled(bool)
 .text._ZN7MPU60508resetDMPEv
                0x00000000080028fa       0x1e Core/Src/MPU6050.o
                0x00000000080028fa                MPU6050::resetDMP()
 .text._ZN7MPU605013setMemoryBankEhbb
                0x0000000008002918       0x54 Core/Src/MPU6050.o
                0x0000000008002918                MPU6050::setMemoryBank(unsigned char, bool, bool)
 .text._ZN7MPU605021setMemoryStartAddressEh
                0x000000000800296c       0x22 Core/Src/MPU6050.o
                0x000000000800296c                MPU6050::setMemoryStartAddress(unsigned char)
 *fill*         0x000000000800298e        0x2 
 .text._ZN7MPU605015readMemoryBlockEPhthh
                0x0000000008002990       0xd8 Core/Src/MPU6050.o
                0x0000000008002990                MPU6050::readMemoryBlock(unsigned char*, unsigned short, unsigned char, unsigned char)
 .text._ZN7MPU605016writeMemoryBlockEPKhthhb
                0x0000000008002a68      0x150 Core/Src/MPU6050.o
                0x0000000008002a68                MPU6050::writeMemoryBlock(unsigned char const*, unsigned short, unsigned char, unsigned char, bool)
 .text._ZN7MPU605020writeProgMemoryBlockEPKhthhb
                0x0000000008002bb8       0x36 Core/Src/MPU6050.o
                0x0000000008002bb8                MPU6050::writeProgMemoryBlock(unsigned char const*, unsigned short, unsigned char, unsigned char, bool)
 .text._ZN7MPU605024writeDMPConfigurationSetEPKht
                0x0000000008002bee       0xc6 Core/Src/MPU6050.o
                0x0000000008002bee                MPU6050::writeDMPConfigurationSet(unsigned char const*, unsigned short)
 .text._ZN7MPU605028writeProgDMPConfigurationSetEPKht
                0x0000000008002cb4       0x24 Core/Src/MPU6050.o
                0x0000000008002cb4                MPU6050::writeProgDMPConfigurationSet(unsigned char const*, unsigned short)
 .text._ZN7MPU605013setDMPConfig1Eh
                0x0000000008002cd8       0x22 Core/Src/MPU6050.o
                0x0000000008002cd8                MPU6050::setDMPConfig1(unsigned char)
 .text._ZN7MPU605013setDMPConfig2Eh
                0x0000000008002cfa       0x22 Core/Src/MPU6050.o
                0x0000000008002cfa                MPU6050::setDMPConfig2(unsigned char)
 .text._ZN7MPU605013DMPInitializeEv
                0x0000000008002d1c      0x4d4 Core/Src/MPU6050.o
                0x0000000008002d1c                MPU6050::DMPInitialize()
 .text._ZN7MPU605020DMPGetFIFOPacketSizeEv
                0x00000000080031f0       0x16 Core/Src/MPU6050.o
                0x00000000080031f0                MPU6050::DMPGetFIFOPacketSize()
 *fill*         0x0000000008003206        0x2 
 .text.MX_ADC1_Init
                0x0000000008003208       0xb4 Core/Src/adc.o
                0x0000000008003208                MX_ADC1_Init
 .text.HAL_ADC_MspInit
                0x00000000080032bc      0x100 Core/Src/adc.o
                0x00000000080032bc                HAL_ADC_MspInit
 .text.MX_DMA_Init
                0x00000000080033bc       0x3c Core/Src/dma.o
                0x00000000080033bc                MX_DMA_Init
 .text.MX_GPIO_Init
                0x00000000080033f8      0x154 Core/Src/gpio.o
                0x00000000080033f8                MX_GPIO_Init
 .text.MX_I2C1_Init
                0x000000000800354c       0x5c Core/Src/i2c.o
                0x000000000800354c                MX_I2C1_Init
 .text.HAL_I2C_MspInit
                0x00000000080035a8       0xa0 Core/Src/i2c.o
                0x00000000080035a8                HAL_I2C_MspInit
 .text.main     0x0000000008003648       0x3e Core/Src/main.o
                0x0000000008003648                main
 .text.SystemClock_Config
                0x0000000008003686       0xba Core/Src/main.o
                0x0000000008003686                SystemClock_Config
 .text.HAL_UART_RxCpltCallback
                0x0000000008003740       0x16 Core/Src/main.o
                0x0000000008003740                HAL_UART_RxCpltCallback
 *fill*         0x0000000008003756        0x2 
 .text.Error_Handler
                0x0000000008003758       0x1c Core/Src/main.o
                0x0000000008003758                Error_Handler
 .text.HAL_MspInit
                0x0000000008003774       0x64 Core/Src/stm32f1xx_hal_msp.o
                0x0000000008003774                HAL_MspInit
 .text.NMI_Handler
                0x00000000080037d8        0xc Core/Src/stm32f1xx_it.o
                0x00000000080037d8                NMI_Handler
 .text.HardFault_Handler
                0x00000000080037e4        0x6 Core/Src/stm32f1xx_it.o
                0x00000000080037e4                HardFault_Handler
 .text.MemManage_Handler
                0x00000000080037ea        0x6 Core/Src/stm32f1xx_it.o
                0x00000000080037ea                MemManage_Handler
 .text.BusFault_Handler
                0x00000000080037f0        0x6 Core/Src/stm32f1xx_it.o
                0x00000000080037f0                BusFault_Handler
 .text.UsageFault_Handler
                0x00000000080037f6        0x6 Core/Src/stm32f1xx_it.o
                0x00000000080037f6                UsageFault_Handler
 .text.SVC_Handler
                0x00000000080037fc        0xc Core/Src/stm32f1xx_it.o
                0x00000000080037fc                SVC_Handler
 .text.DebugMon_Handler
                0x0000000008003808        0xc Core/Src/stm32f1xx_it.o
                0x0000000008003808                DebugMon_Handler
 .text.PendSV_Handler
                0x0000000008003814        0xc Core/Src/stm32f1xx_it.o
                0x0000000008003814                PendSV_Handler
 .text.SysTick_Handler
                0x0000000008003820        0xc Core/Src/stm32f1xx_it.o
                0x0000000008003820                SysTick_Handler
 .text.DMA1_Channel1_IRQHandler
                0x000000000800382c       0x14 Core/Src/stm32f1xx_it.o
                0x000000000800382c                DMA1_Channel1_IRQHandler
 .text.USART2_IRQHandler
                0x0000000008003840       0x14 Core/Src/stm32f1xx_it.o
                0x0000000008003840                USART2_IRQHandler
 .text.USART3_IRQHandler
                0x0000000008003854       0x14 Core/Src/stm32f1xx_it.o
                0x0000000008003854                USART3_IRQHandler
 .text._sbrk    0x0000000008003868       0x6c Core/Src/sysmem.o
                0x0000000008003868                _sbrk
 .text.SystemInit
                0x00000000080038d4       0x68 Core/Src/system_stm32f1xx.o
                0x00000000080038d4                SystemInit
 .text.MX_TIM1_Init
                0x000000000800393c      0x188 Core/Src/tim.o
                0x000000000800393c                MX_TIM1_Init
 .text.MX_TIM2_Init
                0x0000000008003ac4       0xa4 Core/Src/tim.o
                0x0000000008003ac4                MX_TIM2_Init
 .text.MX_TIM3_Init
                0x0000000008003b68       0xa8 Core/Src/tim.o
                0x0000000008003b68                MX_TIM3_Init
 .text.MX_TIM4_Init
                0x0000000008003c10       0x9c Core/Src/tim.o
                0x0000000008003c10                MX_TIM4_Init
 .text.HAL_TIM_Base_MspInit
                0x0000000008003cac       0x64 Core/Src/tim.o
                0x0000000008003cac                HAL_TIM_Base_MspInit
 .text.HAL_TIM_Encoder_MspInit
                0x0000000008003d10       0xd0 Core/Src/tim.o
                0x0000000008003d10                HAL_TIM_Encoder_MspInit
 .text.HAL_TIM_MspPostInit
                0x0000000008003de0       0x68 Core/Src/tim.o
                0x0000000008003de0                HAL_TIM_MspPostInit
 .text.MX_USART2_UART_Init
                0x0000000008003e48       0x54 Core/Src/usart.o
                0x0000000008003e48                MX_USART2_UART_Init
 .text.MX_USART3_UART_Init
                0x0000000008003e9c       0x54 Core/Src/usart.o
                0x0000000008003e9c                MX_USART3_UART_Init
 .text.HAL_UART_MspInit
                0x0000000008003ef0      0x12c Core/Src/usart.o
                0x0000000008003ef0                HAL_UART_MspInit
 .text.Reset_Handler
                0x000000000800401c       0x48 Core/Startup/startup_stm32f103c8tx.o
                0x000000000800401c                Reset_Handler
 .text.Default_Handler
                0x0000000008004064        0x2 Core/Startup/startup_stm32f103c8tx.o
                0x0000000008004064                RTC_Alarm_IRQHandler
                0x0000000008004064                EXTI2_IRQHandler
                0x0000000008004064                TIM1_CC_IRQHandler
                0x0000000008004064                PVD_IRQHandler
                0x0000000008004064                EXTI3_IRQHandler
                0x0000000008004064                EXTI0_IRQHandler
                0x0000000008004064                I2C2_EV_IRQHandler
                0x0000000008004064                ADC1_2_IRQHandler
                0x0000000008004064                SPI1_IRQHandler
                0x0000000008004064                TAMPER_IRQHandler
                0x0000000008004064                DMA1_Channel4_IRQHandler
                0x0000000008004064                RTC_IRQHandler
                0x0000000008004064                DMA1_Channel7_IRQHandler
                0x0000000008004064                CAN1_RX1_IRQHandler
                0x0000000008004064                TIM4_IRQHandler
                0x0000000008004064                I2C1_EV_IRQHandler
                0x0000000008004064                DMA1_Channel6_IRQHandler
                0x0000000008004064                TIM3_IRQHandler
                0x0000000008004064                RCC_IRQHandler
                0x0000000008004064                TIM1_TRG_COM_IRQHandler
                0x0000000008004064                Default_Handler
                0x0000000008004064                EXTI15_10_IRQHandler
                0x0000000008004064                EXTI9_5_IRQHandler
                0x0000000008004064                SPI2_IRQHandler
                0x0000000008004064                DMA1_Channel5_IRQHandler
                0x0000000008004064                EXTI4_IRQHandler
                0x0000000008004064                USB_LP_CAN1_RX0_IRQHandler
                0x0000000008004064                USB_HP_CAN1_TX_IRQHandler
                0x0000000008004064                DMA1_Channel3_IRQHandler
                0x0000000008004064                TIM1_UP_IRQHandler
                0x0000000008004064                WWDG_IRQHandler
                0x0000000008004064                TIM2_IRQHandler
                0x0000000008004064                TIM1_BRK_IRQHandler
                0x0000000008004064                EXTI1_IRQHandler
                0x0000000008004064                I2C2_ER_IRQHandler
                0x0000000008004064                DMA1_Channel2_IRQHandler
                0x0000000008004064                CAN1_SCE_IRQHandler
                0x0000000008004064                FLASH_IRQHandler
                0x0000000008004064                USART1_IRQHandler
                0x0000000008004064                I2C1_ER_IRQHandler
                0x0000000008004064                USBWakeUp_IRQHandler
 *fill*         0x0000000008004066        0x2 
 .text.HAL_Init
                0x0000000008004068       0x2c Drivers/STM32F1xx_HAL_Driver/Src/stm32f1xx_hal.o
                0x0000000008004068                HAL_Init
 .text.HAL_InitTick
                0x0000000008004094       0x60 Drivers/STM32F1xx_HAL_Driver/Src/stm32f1xx_hal.o
                0x0000000008004094                HAL_InitTick
 .text.HAL_IncTick
                0x00000000080040f4       0x24 Drivers/STM32F1xx_HAL_Driver/Src/stm32f1xx_hal.o
                0x00000000080040f4                HAL_IncTick
 .text.HAL_GetTick
                0x0000000008004118       0x14 Drivers/STM32F1xx_HAL_Driver/Src/stm32f1xx_hal.o
                0x0000000008004118                HAL_GetTick
 .text.HAL_Delay
                0x000000000800412c       0x44 Drivers/STM32F1xx_HAL_Driver/Src/stm32f1xx_hal.o
                0x000000000800412c                HAL_Delay
 .text.HAL_ADC_Init
                0x0000000008004170      0x1b0 Drivers/STM32F1xx_HAL_Driver/Src/stm32f1xx_hal_adc.o
                0x0000000008004170                HAL_ADC_Init
 .text.HAL_ADC_Start
                0x0000000008004320      0x15c Drivers/STM32F1xx_HAL_Driver/Src/stm32f1xx_hal_adc.o
                0x0000000008004320                HAL_ADC_Start
 .text.HAL_ADC_ConfigChannel
                0x000000000800447c      0x1f0 Drivers/STM32F1xx_HAL_Driver/Src/stm32f1xx_hal_adc.o
                0x000000000800447c                HAL_ADC_ConfigChannel
 .text.ADC_Enable
                0x000000000800466c       0xa4 Drivers/STM32F1xx_HAL_Driver/Src/stm32f1xx_hal_adc.o
                0x000000000800466c                ADC_Enable
 .text.ADC_ConversionStop_Disable
                0x0000000008004710       0x74 Drivers/STM32F1xx_HAL_Driver/Src/stm32f1xx_hal_adc.o
                0x0000000008004710                ADC_ConversionStop_Disable
 .text.__NVIC_SetPriorityGrouping
                0x0000000008004784       0x48 Drivers/STM32F1xx_HAL_Driver/Src/stm32f1xx_hal_cortex.o
 .text.__NVIC_GetPriorityGrouping
                0x00000000080047cc       0x1c Drivers/STM32F1xx_HAL_Driver/Src/stm32f1xx_hal_cortex.o
 .text.__NVIC_EnableIRQ
                0x00000000080047e8       0x38 Drivers/STM32F1xx_HAL_Driver/Src/stm32f1xx_hal_cortex.o
 .text.__NVIC_SetPriority
                0x0000000008004820       0x54 Drivers/STM32F1xx_HAL_Driver/Src/stm32f1xx_hal_cortex.o
 .text.NVIC_EncodePriority
                0x0000000008004874       0x64 Drivers/STM32F1xx_HAL_Driver/Src/stm32f1xx_hal_cortex.o
 .text.SysTick_Config
                0x00000000080048d8       0x44 Drivers/STM32F1xx_HAL_Driver/Src/stm32f1xx_hal_cortex.o
 .text.HAL_NVIC_SetPriorityGrouping
                0x000000000800491c       0x16 Drivers/STM32F1xx_HAL_Driver/Src/stm32f1xx_hal_cortex.o
                0x000000000800491c                HAL_NVIC_SetPriorityGrouping
 .text.HAL_NVIC_SetPriority
                0x0000000008004932       0x38 Drivers/STM32F1xx_HAL_Driver/Src/stm32f1xx_hal_cortex.o
                0x0000000008004932                HAL_NVIC_SetPriority
 .text.HAL_NVIC_EnableIRQ
                0x000000000800496a       0x1c Drivers/STM32F1xx_HAL_Driver/Src/stm32f1xx_hal_cortex.o
                0x000000000800496a                HAL_NVIC_EnableIRQ
 .text.HAL_SYSTICK_Config
                0x0000000008004986       0x18 Drivers/STM32F1xx_HAL_Driver/Src/stm32f1xx_hal_cortex.o
                0x0000000008004986                HAL_SYSTICK_Config
 *fill*         0x000000000800499e        0x2 
 .text.HAL_DMA_Init
                0x00000000080049a0       0xb4 Drivers/STM32F1xx_HAL_Driver/Src/stm32f1xx_hal_dma.o
                0x00000000080049a0                HAL_DMA_Init
 .text.HAL_DMA_Abort_IT
                0x0000000008004a54       0xec Drivers/STM32F1xx_HAL_Driver/Src/stm32f1xx_hal_dma.o
                0x0000000008004a54                HAL_DMA_Abort_IT
 .text.HAL_DMA_IRQHandler
                0x0000000008004b40      0x20c Drivers/STM32F1xx_HAL_Driver/Src/stm32f1xx_hal_dma.o
                0x0000000008004b40                HAL_DMA_IRQHandler
 .text.HAL_GPIO_Init
                0x0000000008004d4c      0x2b4 Drivers/STM32F1xx_HAL_Driver/Src/stm32f1xx_hal_gpio.o
                0x0000000008004d4c                HAL_GPIO_Init
 .text.HAL_GPIO_WritePin
                0x0000000008005000       0x30 Drivers/STM32F1xx_HAL_Driver/Src/stm32f1xx_hal_gpio.o
                0x0000000008005000                HAL_GPIO_WritePin
 .text.HAL_GPIO_TogglePin
                0x0000000008005030       0x30 Drivers/STM32F1xx_HAL_Driver/Src/stm32f1xx_hal_gpio.o
                0x0000000008005030                HAL_GPIO_TogglePin
 .text.HAL_I2C_Init
                0x0000000008005060      0x250 Drivers/STM32F1xx_HAL_Driver/Src/stm32f1xx_hal_i2c.o
                0x0000000008005060                HAL_I2C_Init
 .text.HAL_I2C_Mem_Write
                0x00000000080052b0      0x1f4 Drivers/STM32F1xx_HAL_Driver/Src/stm32f1xx_hal_i2c.o
                0x00000000080052b0                HAL_I2C_Mem_Write
 .text.HAL_I2C_Mem_Read
                0x00000000080054a4      0x46c Drivers/STM32F1xx_HAL_Driver/Src/stm32f1xx_hal_i2c.o
                0x00000000080054a4                HAL_I2C_Mem_Read
 .text.I2C_RequestMemoryWrite
                0x0000000008005910      0x114 Drivers/STM32F1xx_HAL_Driver/Src/stm32f1xx_hal_i2c.o
 .text.I2C_RequestMemoryRead
                0x0000000008005a24      0x1a0 Drivers/STM32F1xx_HAL_Driver/Src/stm32f1xx_hal_i2c.o
 .text.I2C_WaitOnFlagUntilTimeout
                0x0000000008005bc4       0xae Drivers/STM32F1xx_HAL_Driver/Src/stm32f1xx_hal_i2c.o
 .text.I2C_WaitOnMasterAddressFlagUntilTimeout
                0x0000000008005c72       0xfe Drivers/STM32F1xx_HAL_Driver/Src/stm32f1xx_hal_i2c.o
 .text.I2C_WaitOnTXEFlagUntilTimeout
                0x0000000008005d70       0x82 Drivers/STM32F1xx_HAL_Driver/Src/stm32f1xx_hal_i2c.o
 .text.I2C_WaitOnBTFFlagUntilTimeout
                0x0000000008005df2       0x82 Drivers/STM32F1xx_HAL_Driver/Src/stm32f1xx_hal_i2c.o
 .text.I2C_WaitOnRXNEFlagUntilTimeout
                0x0000000008005e74       0xac Drivers/STM32F1xx_HAL_Driver/Src/stm32f1xx_hal_i2c.o
 .text.I2C_IsAcknowledgeFailed
                0x0000000008005f20       0x5c Drivers/STM32F1xx_HAL_Driver/Src/stm32f1xx_hal_i2c.o
 .text.HAL_RCC_OscConfig
                0x0000000008005f7c      0x500 Drivers/STM32F1xx_HAL_Driver/Src/stm32f1xx_hal_rcc.o
                0x0000000008005f7c                HAL_RCC_OscConfig
 .text.HAL_RCC_ClockConfig
                0x000000000800647c      0x1d4 Drivers/STM32F1xx_HAL_Driver/Src/stm32f1xx_hal_rcc.o
                0x000000000800647c                HAL_RCC_ClockConfig
 .text.HAL_RCC_EnableCSS
                0x0000000008006650       0x18 Drivers/STM32F1xx_HAL_Driver/Src/stm32f1xx_hal_rcc.o
                0x0000000008006650                HAL_RCC_EnableCSS
 .text.HAL_RCC_GetSysClockFreq
                0x0000000008006668       0xc4 Drivers/STM32F1xx_HAL_Driver/Src/stm32f1xx_hal_rcc.o
                0x0000000008006668                HAL_RCC_GetSysClockFreq
 .text.HAL_RCC_GetHCLKFreq
                0x000000000800672c       0x14 Drivers/STM32F1xx_HAL_Driver/Src/stm32f1xx_hal_rcc.o
                0x000000000800672c                HAL_RCC_GetHCLKFreq
 .text.HAL_RCC_GetPCLK1Freq
                0x0000000008006740       0x28 Drivers/STM32F1xx_HAL_Driver/Src/stm32f1xx_hal_rcc.o
                0x0000000008006740                HAL_RCC_GetPCLK1Freq
 .text.HAL_RCC_GetPCLK2Freq
                0x0000000008006768       0x28 Drivers/STM32F1xx_HAL_Driver/Src/stm32f1xx_hal_rcc.o
                0x0000000008006768                HAL_RCC_GetPCLK2Freq
 .text.HAL_RCC_NMI_IRQHandler
                0x0000000008006790       0x28 Drivers/STM32F1xx_HAL_Driver/Src/stm32f1xx_hal_rcc.o
                0x0000000008006790                HAL_RCC_NMI_IRQHandler
 .text.RCC_Delay
                0x00000000080067b8       0x3c Drivers/STM32F1xx_HAL_Driver/Src/stm32f1xx_hal_rcc.o
 .text.HAL_RCC_CSSCallback
                0x00000000080067f4        0xc Drivers/STM32F1xx_HAL_Driver/Src/stm32f1xx_hal_rcc.o
                0x00000000080067f4                HAL_RCC_CSSCallback
 .text.HAL_RCCEx_PeriphCLKConfig
                0x0000000008006800      0x16c Drivers/STM32F1xx_HAL_Driver/Src/stm32f1xx_hal_rcc_ex.o
                0x0000000008006800                HAL_RCCEx_PeriphCLKConfig
 .text.HAL_TIM_Base_Init
                0x000000000800696c       0x56 Drivers/STM32F1xx_HAL_Driver/Src/stm32f1xx_hal_tim.o
                0x000000000800696c                HAL_TIM_Base_Init
 .text.HAL_TIM_PWM_Init
                0x00000000080069c2       0x56 Drivers/STM32F1xx_HAL_Driver/Src/stm32f1xx_hal_tim.o
                0x00000000080069c2                HAL_TIM_PWM_Init
 .text.HAL_TIM_PWM_MspInit
                0x0000000008006a18       0x12 Drivers/STM32F1xx_HAL_Driver/Src/stm32f1xx_hal_tim.o
                0x0000000008006a18                HAL_TIM_PWM_MspInit
 *fill*         0x0000000008006a2a        0x2 
 .text.HAL_TIM_PWM_Start
                0x0000000008006a2c       0x64 Drivers/STM32F1xx_HAL_Driver/Src/stm32f1xx_hal_tim.o
                0x0000000008006a2c                HAL_TIM_PWM_Start
 .text.HAL_TIM_Encoder_Init
                0x0000000008006a90      0x11c Drivers/STM32F1xx_HAL_Driver/Src/stm32f1xx_hal_tim.o
                0x0000000008006a90                HAL_TIM_Encoder_Init
 .text.HAL_TIM_Encoder_Start
                0x0000000008006bac       0x6e Drivers/STM32F1xx_HAL_Driver/Src/stm32f1xx_hal_tim.o
                0x0000000008006bac                HAL_TIM_Encoder_Start
 *fill*         0x0000000008006c1a        0x2 
 .text.HAL_TIM_PWM_ConfigChannel
                0x0000000008006c1c      0x18c Drivers/STM32F1xx_HAL_Driver/Src/stm32f1xx_hal_tim.o
                0x0000000008006c1c                HAL_TIM_PWM_ConfigChannel
 .text.HAL_TIM_ConfigClockSource
                0x0000000008006da8      0x16e Drivers/STM32F1xx_HAL_Driver/Src/stm32f1xx_hal_tim.o
                0x0000000008006da8                HAL_TIM_ConfigClockSource
 *fill*         0x0000000008006f16        0x2 
 .text.TIM_Base_SetConfig
                0x0000000008006f18       0xc4 Drivers/STM32F1xx_HAL_Driver/Src/stm32f1xx_hal_tim.o
                0x0000000008006f18                TIM_Base_SetConfig
 .text.TIM_OC1_SetConfig
                0x0000000008006fdc       0xcc Drivers/STM32F1xx_HAL_Driver/Src/stm32f1xx_hal_tim.o
 .text.TIM_OC2_SetConfig
                0x00000000080070a8       0xd4 Drivers/STM32F1xx_HAL_Driver/Src/stm32f1xx_hal_tim.o
                0x00000000080070a8                TIM_OC2_SetConfig
 .text.TIM_OC3_SetConfig
                0x000000000800717c       0xd4 Drivers/STM32F1xx_HAL_Driver/Src/stm32f1xx_hal_tim.o
 .text.TIM_OC4_SetConfig
                0x0000000008007250       0x9c Drivers/STM32F1xx_HAL_Driver/Src/stm32f1xx_hal_tim.o
 .text.TIM_TI1_ConfigInputStage
                0x00000000080072ec       0x5c Drivers/STM32F1xx_HAL_Driver/Src/stm32f1xx_hal_tim.o
 .text.TIM_TI2_ConfigInputStage
                0x0000000008007348       0x5e Drivers/STM32F1xx_HAL_Driver/Src/stm32f1xx_hal_tim.o
 .text.TIM_ITRx_SetConfig
                0x00000000080073a6       0x34 Drivers/STM32F1xx_HAL_Driver/Src/stm32f1xx_hal_tim.o
 .text.TIM_ETR_SetConfig
                0x00000000080073da       0x3e Drivers/STM32F1xx_HAL_Driver/Src/stm32f1xx_hal_tim.o
                0x00000000080073da                TIM_ETR_SetConfig
 .text.TIM_CCxChannelCmd
                0x0000000008007418       0x48 Drivers/STM32F1xx_HAL_Driver/Src/stm32f1xx_hal_tim.o
                0x0000000008007418                TIM_CCxChannelCmd
 .text.HAL_TIMEx_MasterConfigSynchronization
                0x0000000008007460       0x88 Drivers/STM32F1xx_HAL_Driver/Src/stm32f1xx_hal_tim_ex.o
                0x0000000008007460                HAL_TIMEx_MasterConfigSynchronization
 .text.HAL_TIMEx_ConfigBreakDeadTime
                0x00000000080074e8       0xa2 Drivers/STM32F1xx_HAL_Driver/Src/stm32f1xx_hal_tim_ex.o
                0x00000000080074e8                HAL_TIMEx_ConfigBreakDeadTime
 .text.HAL_UART_Init
                0x000000000800758a       0x9a Drivers/STM32F1xx_HAL_Driver/Src/stm32f1xx_hal_uart.o
                0x000000000800758a                HAL_UART_Init
 .text.HAL_UART_Transmit
                0x0000000008007624      0x132 Drivers/STM32F1xx_HAL_Driver/Src/stm32f1xx_hal_uart.o
                0x0000000008007624                HAL_UART_Transmit
 .text.HAL_UART_Receive
                0x0000000008007756      0x14c Drivers/STM32F1xx_HAL_Driver/Src/stm32f1xx_hal_uart.o
                0x0000000008007756                HAL_UART_Receive
 .text.HAL_UART_Receive_IT
                0x00000000080078a2       0xa8 Drivers/STM32F1xx_HAL_Driver/Src/stm32f1xx_hal_uart.o
                0x00000000080078a2                HAL_UART_Receive_IT
 *fill*         0x000000000800794a        0x2 
 .text.HAL_UART_IRQHandler
                0x000000000800794c      0x1f8 Drivers/STM32F1xx_HAL_Driver/Src/stm32f1xx_hal_uart.o
                0x000000000800794c                HAL_UART_IRQHandler
 .text.HAL_UART_TxCpltCallback
                0x0000000008007b44       0x12 Drivers/STM32F1xx_HAL_Driver/Src/stm32f1xx_hal_uart.o
                0x0000000008007b44                HAL_UART_TxCpltCallback
 .text.HAL_UART_ErrorCallback
                0x0000000008007b56       0x12 Drivers/STM32F1xx_HAL_Driver/Src/stm32f1xx_hal_uart.o
                0x0000000008007b56                HAL_UART_ErrorCallback
 .text.UART_WaitOnFlagUntilTimeout
                0x0000000008007b68       0x94 Drivers/STM32F1xx_HAL_Driver/Src/stm32f1xx_hal_uart.o
 .text.UART_EndRxTransfer
                0x0000000008007bfc       0x3a Drivers/STM32F1xx_HAL_Driver/Src/stm32f1xx_hal_uart.o
 .text.UART_DMAAbortOnError
                0x0000000008007c36       0x28 Drivers/STM32F1xx_HAL_Driver/Src/stm32f1xx_hal_uart.o
 .text.UART_Transmit_IT
                0x0000000008007c5e       0xaa Drivers/STM32F1xx_HAL_Driver/Src/stm32f1xx_hal_uart.o
 .text.UART_EndTransmit_IT
                0x0000000008007d08       0x30 Drivers/STM32F1xx_HAL_Driver/Src/stm32f1xx_hal_uart.o
 .text.UART_Receive_IT
                0x0000000008007d38      0x102 Drivers/STM32F1xx_HAL_Driver/Src/stm32f1xx_hal_uart.o
 *fill*         0x0000000008007e3a        0x2 
 .text.UART_SetConfig
                0x0000000008007e3c      0x1b4 Drivers/STM32F1xx_HAL_Driver/Src/stm32f1xx_hal_uart.o
 .text.__errno  0x0000000008007ff0        0xc c:/st/stm32cubeide_1.4.0/stm32cubeide/plugins/com.st.stm32cube.ide.mcu.externaltools.gnu-tools-for-stm32.7-2018-q2-update.win32_1.5.0.202011040924/tools/bin/../lib/gcc/arm-none-eabi/7.3.1/../../../../arm-none-eabi/lib/thumb/v7-m\libc_nano.a(lib_a-errno.o)
                0x0000000008007ff0                __errno
 .text.__libc_init_array
                0x0000000008007ffc       0x48 c:/st/stm32cubeide_1.4.0/stm32cubeide/plugins/com.st.stm32cube.ide.mcu.externaltools.gnu-tools-for-stm32.7-2018-q2-update.win32_1.5.0.202011040924/tools/bin/../lib/gcc/arm-none-eabi/7.3.1/../../../../arm-none-eabi/lib/thumb/v7-m\libc_nano.a(lib_a-init.o)
                0x0000000008007ffc                __libc_init_array
 .text.malloc   0x0000000008008044       0x10 c:/st/stm32cubeide_1.4.0/stm32cubeide/plugins/com.st.stm32cube.ide.mcu.externaltools.gnu-tools-for-stm32.7-2018-q2-update.win32_1.5.0.202011040924/tools/bin/../lib/gcc/arm-none-eabi/7.3.1/../../../../arm-none-eabi/lib/thumb/v7-m\libc_nano.a(lib_a-malloc.o)
                0x0000000008008044                malloc
 .text.free     0x0000000008008054       0x10 c:/st/stm32cubeide_1.4.0/stm32cubeide/plugins/com.st.stm32cube.ide.mcu.externaltools.gnu-tools-for-stm32.7-2018-q2-update.win32_1.5.0.202011040924/tools/bin/../lib/gcc/arm-none-eabi/7.3.1/../../../../arm-none-eabi/lib/thumb/v7-m\libc_nano.a(lib_a-malloc.o)
                0x0000000008008054                free
 .text.memcmp   0x0000000008008064       0x1e c:/st/stm32cubeide_1.4.0/stm32cubeide/plugins/com.st.stm32cube.ide.mcu.externaltools.gnu-tools-for-stm32.7-2018-q2-update.win32_1.5.0.202011040924/tools/bin/../lib/gcc/arm-none-eabi/7.3.1/../../../../arm-none-eabi/lib/thumb/v7-m\libc_nano.a(lib_a-memcmp.o)
                0x0000000008008064                memcmp
 .text.memset   0x0000000008008082       0x10 c:/st/stm32cubeide_1.4.0/stm32cubeide/plugins/com.st.stm32cube.ide.mcu.externaltools.gnu-tools-for-stm32.7-2018-q2-update.win32_1.5.0.202011040924/tools/bin/../lib/gcc/arm-none-eabi/7.3.1/../../../../arm-none-eabi/lib/thumb/v7-m\libc_nano.a(lib_a-memset.o)
                0x0000000008008082                memset
 *fill*         0x0000000008008092        0x2 
 .text._free_r  0x0000000008008094       0x98 c:/st/stm32cubeide_1.4.0/stm32cubeide/plugins/com.st.stm32cube.ide.mcu.externaltools.gnu-tools-for-stm32.7-2018-q2-update.win32_1.5.0.202011040924/tools/bin/../lib/gcc/arm-none-eabi/7.3.1/../../../../arm-none-eabi/lib/thumb/v7-m\libc_nano.a(lib_a-nano-freer.o)
                0x0000000008008094                _free_r
 .text._malloc_r
                0x000000000800812c       0xb4 c:/st/stm32cubeide_1.4.0/stm32cubeide/plugins/com.st.stm32cube.ide.mcu.externaltools.gnu-tools-for-stm32.7-2018-q2-update.win32_1.5.0.202011040924/tools/bin/../lib/gcc/arm-none-eabi/7.3.1/../../../../arm-none-eabi/lib/thumb/v7-m\libc_nano.a(lib_a-nano-mallocr.o)
                0x000000000800812c                _malloc_r
 .text._sbrk_r  0x00000000080081e0       0x20 c:/st/stm32cubeide_1.4.0/stm32cubeide/plugins/com.st.stm32cube.ide.mcu.externaltools.gnu-tools-for-stm32.7-2018-q2-update.win32_1.5.0.202011040924/tools/bin/../lib/gcc/arm-none-eabi/7.3.1/../../../../arm-none-eabi/lib/thumb/v7-m\libc_nano.a(lib_a-sbrkr.o)
                0x00000000080081e0                _sbrk_r
 .text.__malloc_lock
                0x0000000008008200        0x2 c:/st/stm32cubeide_1.4.0/stm32cubeide/plugins/com.st.stm32cube.ide.mcu.externaltools.gnu-tools-for-stm32.7-2018-q2-update.win32_1.5.0.202011040924/tools/bin/../lib/gcc/arm-none-eabi/7.3.1/../../../../arm-none-eabi/lib/thumb/v7-m\libc_nano.a(lib_a-mlock.o)
                0x0000000008008200                __malloc_lock
 .text.__malloc_unlock
                0x0000000008008202        0x2 c:/st/stm32cubeide_1.4.0/stm32cubeide/plugins/com.st.stm32cube.ide.mcu.externaltools.gnu-tools-for-stm32.7-2018-q2-update.win32_1.5.0.202011040924/tools/bin/../lib/gcc/arm-none-eabi/7.3.1/../../../../arm-none-eabi/lib/thumb/v7-m\libc_nano.a(lib_a-mlock.o)
                0x0000000008008202                __malloc_unlock
 *(.glue_7)
 .glue_7        0x0000000008008204        0x0 linker stubs
 *(.glue_7t)
 .glue_7t       0x0000000008008204        0x0 linker stubs
 *(.eh_frame)
 .eh_frame      0x0000000008008204        0x0 c:/st/stm32cubeide_1.4.0/stm32cubeide/plugins/com.st.stm32cube.ide.mcu.externaltools.gnu-tools-for-stm32.7-2018-q2-update.win32_1.5.0.202011040924/tools/bin/../lib/gcc/arm-none-eabi/7.3.1/thumb/v7-m/crtbegin.o
 *(.init)
 .init          0x0000000008008204        0x4 c:/st/stm32cubeide_1.4.0/stm32cubeide/plugins/com.st.stm32cube.ide.mcu.externaltools.gnu-tools-for-stm32.7-2018-q2-update.win32_1.5.0.202011040924/tools/bin/../lib/gcc/arm-none-eabi/7.3.1/thumb/v7-m/crti.o
                0x0000000008008204                _init
 .init          0x0000000008008208        0x8 c:/st/stm32cubeide_1.4.0/stm32cubeide/plugins/com.st.stm32cube.ide.mcu.externaltools.gnu-tools-for-stm32.7-2018-q2-update.win32_1.5.0.202011040924/tools/bin/../lib/gcc/arm-none-eabi/7.3.1/thumb/v7-m/crtn.o
 *(.fini)
 .fini          0x0000000008008210        0x4 c:/st/stm32cubeide_1.4.0/stm32cubeide/plugins/com.st.stm32cube.ide.mcu.externaltools.gnu-tools-for-stm32.7-2018-q2-update.win32_1.5.0.202011040924/tools/bin/../lib/gcc/arm-none-eabi/7.3.1/thumb/v7-m/crti.o
                0x0000000008008210                _fini
 .fini          0x0000000008008214        0x8 c:/st/stm32cubeide_1.4.0/stm32cubeide/plugins/com.st.stm32cube.ide.mcu.externaltools.gnu-tools-for-stm32.7-2018-q2-update.win32_1.5.0.202011040924/tools/bin/../lib/gcc/arm-none-eabi/7.3.1/thumb/v7-m/crtn.o
                0x000000000800821c                . = ALIGN (0x4)
                0x000000000800821c                _etext = .

.vfp11_veneer   0x000000000800821c        0x0
 .vfp11_veneer  0x000000000800821c        0x0 linker stubs

.v4_bx          0x000000000800821c        0x0
 .v4_bx         0x000000000800821c        0x0 linker stubs

.iplt           0x000000000800821c        0x0
 .iplt          0x000000000800821c        0x0 c:/st/stm32cubeide_1.4.0/stm32cubeide/plugins/com.st.stm32cube.ide.mcu.externaltools.gnu-tools-for-stm32.7-2018-q2-update.win32_1.5.0.202011040924/tools/bin/../lib/gcc/arm-none-eabi/7.3.1/thumb/v7-m/crtbegin.o

.rodata         0x000000000800821c      0x908
                0x000000000800821c                . = ALIGN (0x4)
 *(.rodata)
 .rodata        0x000000000800821c       0x12 Drivers/STM32F1xx_HAL_Driver/Src/stm32f1xx_hal_rcc.o
 *(.rodata*)
 *fill*         0x000000000800822e        0x2 
 .rodata._ZL9dmpMemory
                0x0000000008008230      0x789 Core/Src/MPU6050.o
 *fill*         0x00000000080089b9        0x3 
 .rodata._ZL9dmpConfig
                0x00000000080089bc       0xc0 Core/Src/MPU6050.o
 .rodata._ZL10dmpUpdates
                0x0000000008008a7c       0x2f Core/Src/MPU6050.o
 *fill*         0x0000000008008aab        0x1 
 .rodata.AHBPrescTable
                0x0000000008008aac       0x10 Core/Src/system_stm32f1xx.o
                0x0000000008008aac                AHBPrescTable
 .rodata.APBPrescTable
                0x0000000008008abc        0x8 Core/Src/system_stm32f1xx.o
                0x0000000008008abc                APBPrescTable
 .rodata.__sf_fake_stderr
                0x0000000008008ac4       0x20 c:/st/stm32cubeide_1.4.0/stm32cubeide/plugins/com.st.stm32cube.ide.mcu.externaltools.gnu-tools-for-stm32.7-2018-q2-update.win32_1.5.0.202011040924/tools/bin/../lib/gcc/arm-none-eabi/7.3.1/../../../../arm-none-eabi/lib/thumb/v7-m\libc_nano.a(lib_a-findfp.o)
                0x0000000008008ac4                __sf_fake_stderr
 .rodata.__sf_fake_stdin
                0x0000000008008ae4       0x20 c:/st/stm32cubeide_1.4.0/stm32cubeide/plugins/com.st.stm32cube.ide.mcu.externaltools.gnu-tools-for-stm32.7-2018-q2-update.win32_1.5.0.202011040924/tools/bin/../lib/gcc/arm-none-eabi/7.3.1/../../../../arm-none-eabi/lib/thumb/v7-m\libc_nano.a(lib_a-findfp.o)
                0x0000000008008ae4                __sf_fake_stdin
 .rodata.__sf_fake_stdout
                0x0000000008008b04       0x20 c:/st/stm32cubeide_1.4.0/stm32cubeide/plugins/com.st.stm32cube.ide.mcu.externaltools.gnu-tools-for-stm32.7-2018-q2-update.win32_1.5.0.202011040924/tools/bin/../lib/gcc/arm-none-eabi/7.3.1/../../../../arm-none-eabi/lib/thumb/v7-m\libc_nano.a(lib_a-findfp.o)
                0x0000000008008b04                __sf_fake_stdout
                0x0000000008008b24                . = ALIGN (0x4)

.rel.dyn        0x0000000008008b24        0x0
 .rel.iplt      0x0000000008008b24        0x0 c:/st/stm32cubeide_1.4.0/stm32cubeide/plugins/com.st.stm32cube.ide.mcu.externaltools.gnu-tools-for-stm32.7-2018-q2-update.win32_1.5.0.202011040924/tools/bin/../lib/gcc/arm-none-eabi/7.3.1/thumb/v7-m/crtbegin.o

.ARM.extab      0x0000000008008b24        0x0
                0x0000000008008b24                . = ALIGN (0x4)
 *(.ARM.extab* .gnu.linkonce.armextab.*)
                0x0000000008008b24                . = ALIGN (0x4)

.ARM            0x0000000008008b24        0x0
                0x0000000008008b24                . = ALIGN (0x4)
                0x0000000008008b24                __exidx_start = .
 *(.ARM.exidx*)
                0x0000000008008b24                __exidx_end = .
                0x0000000008008b24                . = ALIGN (0x4)

.preinit_array  0x0000000008008b24        0x0
                0x0000000008008b24                . = ALIGN (0x4)
                0x0000000008008b24                PROVIDE (__preinit_array_start = .)
 *(.preinit_array*)
                0x0000000008008b24                PROVIDE (__preinit_array_end = .)
                0x0000000008008b24                . = ALIGN (0x4)

.init_array     0x0000000008008b24        0x8
                0x0000000008008b24                . = ALIGN (0x4)
                0x0000000008008b24                PROVIDE (__init_array_start = .)
 *(SORT_BY_NAME(.init_array.*))
 *(.init_array*)
 .init_array    0x0000000008008b24        0x4 c:/st/stm32cubeide_1.4.0/stm32cubeide/plugins/com.st.stm32cube.ide.mcu.externaltools.gnu-tools-for-stm32.7-2018-q2-update.win32_1.5.0.202011040924/tools/bin/../lib/gcc/arm-none-eabi/7.3.1/thumb/v7-m/crtbegin.o
 .init_array    0x0000000008008b28        0x4 Core/Src/CONTROL.o
                0x0000000008008b2c                PROVIDE (__init_array_end = .)
                0x0000000008008b2c                . = ALIGN (0x4)

.fini_array     0x0000000008008b2c        0x4
                0x0000000008008b2c                . = ALIGN (0x4)
                [!provide]                        PROVIDE (__fini_array_start = .)
 *(SORT_BY_NAME(.fini_array.*))
 *(.fini_array*)
 .fini_array    0x0000000008008b2c        0x4 c:/st/stm32cubeide_1.4.0/stm32cubeide/plugins/com.st.stm32cube.ide.mcu.externaltools.gnu-tools-for-stm32.7-2018-q2-update.win32_1.5.0.202011040924/tools/bin/../lib/gcc/arm-none-eabi/7.3.1/thumb/v7-m/crtbegin.o
                [!provide]                        PROVIDE (__fini_array_end = .)
                0x0000000008008b30                . = ALIGN (0x4)
                0x0000000008008b30                _sidata = LOADADDR (.data)

.data           0x0000000020000000       0x74 load address 0x0000000008008b30
                0x0000000020000000                . = ALIGN (0x4)
                0x0000000020000000                _sdata = .
 *(.data)
 *(.data*)
 .data._ZN6I2Cdev11readTimeoutE
                0x0000000020000000        0x2 Core/Src/I2Cdev.o
                0x0000000020000000                I2Cdev::readTimeout
 *fill*         0x0000000020000002        0x2 
 .data.SystemCoreClock
                0x0000000020000004        0x4 Core/Src/system_stm32f1xx.o
                0x0000000020000004                SystemCoreClock
 .data.uwTickPrio
                0x0000000020000008        0x4 Drivers/STM32F1xx_HAL_Driver/Src/stm32f1xx_hal.o
                0x0000000020000008                uwTickPrio
 .data.uwTickFreq
                0x000000002000000c        0x1 Drivers/STM32F1xx_HAL_Driver/Src/stm32f1xx_hal.o
                0x000000002000000c                uwTickFreq
 *fill*         0x000000002000000d        0x3 
 .data._impure_ptr
                0x0000000020000010        0x4 c:/st/stm32cubeide_1.4.0/stm32cubeide/plugins/com.st.stm32cube.ide.mcu.externaltools.gnu-tools-for-stm32.7-2018-q2-update.win32_1.5.0.202011040924/tools/bin/../lib/gcc/arm-none-eabi/7.3.1/../../../../arm-none-eabi/lib/thumb/v7-m\libc_nano.a(lib_a-impure.o)
                0x0000000020000010                _impure_ptr
 .data.impure_data
                0x0000000020000014       0x60 c:/st/stm32cubeide_1.4.0/stm32cubeide/plugins/com.st.stm32cube.ide.mcu.externaltools.gnu-tools-for-stm32.7-2018-q2-update.win32_1.5.0.202011040924/tools/bin/../lib/gcc/arm-none-eabi/7.3.1/../../../../arm-none-eabi/lib/thumb/v7-m\libc_nano.a(lib_a-impure.o)
                0x0000000020000074                . = ALIGN (0x4)
                0x0000000020000074                _edata = .

.igot.plt       0x0000000020000074        0x0 load address 0x0000000008008ba4
 .igot.plt      0x0000000020000074        0x0 c:/st/stm32cubeide_1.4.0/stm32cubeide/plugins/com.st.stm32cube.ide.mcu.externaltools.gnu-tools-for-stm32.7-2018-q2-update.win32_1.5.0.202011040924/tools/bin/../lib/gcc/arm-none-eabi/7.3.1/thumb/v7-m/crtbegin.o
                0x0000000020000074                . = ALIGN (0x4)

.bss            0x0000000020000078      0x3d0 load address 0x0000000008008ba4
                0x0000000020000078                _sbss = .
                0x0000000020000078                __bss_start__ = _sbss
 *(.bss)
 .bss           0x0000000020000078       0x1c c:/st/stm32cubeide_1.4.0/stm32cubeide/plugins/com.st.stm32cube.ide.mcu.externaltools.gnu-tools-for-stm32.7-2018-q2-update.win32_1.5.0.202011040924/tools/bin/../lib/gcc/arm-none-eabi/7.3.1/thumb/v7-m/crtbegin.o
 *(.bss*)
 .bss.rgb1      0x0000000020000094       0x14 Core/Src/CONTROL.o
                0x0000000020000094                rgb1
 .bss.rgb2      0x00000000200000a8       0x14 Core/Src/CONTROL.o
                0x00000000200000a8                rgb2
 *fill*         0x00000000200000bc        0x4 
 .bss.servo1    0x00000000200000c0       0x30 Core/Src/CONTROL.o
                0x00000000200000c0                servo1
 .bss.servo2    0x00000000200000f0       0x30 Core/Src/CONTROL.o
                0x00000000200000f0                servo2
 .bss.motor1    0x0000000020000120       0x1c Core/Src/CONTROL.o
                0x0000000020000120                motor1
 .bss.motor2    0x000000002000013c       0x1c Core/Src/CONTROL.o
                0x000000002000013c                motor2
 .bss.encoder1  0x0000000020000158        0xc Core/Src/CONTROL.o
                0x0000000020000158                encoder1
 .bss.encoder2  0x0000000020000164        0xc Core/Src/CONTROL.o
                0x0000000020000164                encoder2
 .bss.i2cdev    0x0000000020000170        0x1 Core/Src/CONTROL.o
                0x0000000020000170                i2cdev
 *fill*         0x0000000020000171        0x3 
 .bss.mpu       0x0000000020000174       0x1c Core/Src/CONTROL.o
                0x0000000020000174                mpu
 .bss.char2     0x0000000020000190        0x1 Core/Src/CONTROL.o
                0x0000000020000190                char2
 .bss.char3     0x0000000020000191        0x1 Core/Src/CONTROL.o
                0x0000000020000191                char3
 .bss.infoX     0x0000000020000192        0x1 Core/Src/CONTROL.o
                0x0000000020000192                infoX
 .bss.infoY     0x0000000020000193        0x1 Core/Src/CONTROL.o
                0x0000000020000193                infoY
 .bss.x         0x0000000020000194        0x4 Core/Src/CONTROL.o
                0x0000000020000194                x
 .bss.y         0x0000000020000198        0x4 Core/Src/CONTROL.o
                0x0000000020000198                y
 .bss.m1        0x000000002000019c        0x4 Core/Src/CONTROL.o
                0x000000002000019c                m1
 .bss.m2        0x00000000200001a0        0x4 Core/Src/CONTROL.o
                0x00000000200001a0                m2
 .bss.packetSize
                0x00000000200001a4        0x2 Core/Src/CONTROL.o
                0x00000000200001a4                packetSize
 .bss.fifoCount
                0x00000000200001a6        0x2 Core/Src/CONTROL.o
                0x00000000200001a6                fifoCount
 .bss.fifoBuffer
                0x00000000200001a8       0x40 Core/Src/CONTROL.o
                0x00000000200001a8                fifoBuffer
 .bss._ZN6I2Cdev4hi2cE
                0x00000000200001e8        0x4 Core/Src/I2Cdev.o
                0x00000000200001e8                I2Cdev::hi2c
 .bss.__sbrk_heap_end
                0x00000000200001ec        0x4 Core/Src/sysmem.o
 .bss.__malloc_free_list
                0x00000000200001f0        0x4 c:/st/stm32cubeide_1.4.0/stm32cubeide/plugins/com.st.stm32cube.ide.mcu.externaltools.gnu-tools-for-stm32.7-2018-q2-update.win32_1.5.0.202011040924/tools/bin/../lib/gcc/arm-none-eabi/7.3.1/../../../../arm-none-eabi/lib/thumb/v7-m\libc_nano.a(lib_a-nano-mallocr.o)
                0x00000000200001f0                __malloc_free_list
 .bss.__malloc_sbrk_start
                0x00000000200001f4        0x4 c:/st/stm32cubeide_1.4.0/stm32cubeide/plugins/com.st.stm32cube.ide.mcu.externaltools.gnu-tools-for-stm32.7-2018-q2-update.win32_1.5.0.202011040924/tools/bin/../lib/gcc/arm-none-eabi/7.3.1/../../../../arm-none-eabi/lib/thumb/v7-m\libc_nano.a(lib_a-nano-mallocr.o)
                0x00000000200001f4                __malloc_sbrk_start
 *(COMMON)
 COMMON         0x00000000200001f8       0x74 Core/Src/adc.o
                0x00000000200001f8                hadc1
                0x0000000020000228                hdma_adc1
 COMMON         0x000000002000026c       0x54 Core/Src/i2c.o
                0x000000002000026c                hi2c1
 COMMON         0x00000000200002c0      0x100 Core/Src/tim.o
                0x00000000200002c0                htim4
                0x0000000020000300                htim3
                0x0000000020000340                htim1
                0x0000000020000380                htim2
 COMMON         0x00000000200003c0       0x80 Core/Src/usart.o
                0x00000000200003c0                huart3
                0x0000000020000400                huart2
 COMMON         0x0000000020000440        0x4 Drivers/STM32F1xx_HAL_Driver/Src/stm32f1xx_hal.o
                0x0000000020000440                uwTick
 COMMON         0x0000000020000444        0x4 c:/st/stm32cubeide_1.4.0/stm32cubeide/plugins/com.st.stm32cube.ide.mcu.externaltools.gnu-tools-for-stm32.7-2018-q2-update.win32_1.5.0.202011040924/tools/bin/../lib/gcc/arm-none-eabi/7.3.1/../../../../arm-none-eabi/lib/thumb/v7-m\libc_nano.a(lib_a-reent.o)
                0x0000000020000444                errno
                0x0000000020000448                . = ALIGN (0x4)
                0x0000000020000448                _ebss = .
                0x0000000020000448                __bss_end__ = _ebss

._user_heap_stack
                0x0000000020000448      0x600 load address 0x0000000008008ba4
                0x0000000020000448                . = ALIGN (0x8)
                [!provide]                        PROVIDE (end = .)
                0x0000000020000448                PROVIDE (_end = .)
                0x0000000020000648                . = (. + _Min_Heap_Size)
 *fill*         0x0000000020000448      0x200 
                0x0000000020000a48                . = (. + _Min_Stack_Size)
 *fill*         0x0000000020000648      0x400 
                0x0000000020000a48                . = ALIGN (0x8)

/DISCARD/
 libc.a(*)
 libm.a(*)
 libgcc.a(*)

.ARM.attributes
                0x0000000000000000       0x29
 *(.ARM.attributes)
 .ARM.attributes
                0x0000000000000000       0x1d c:/st/stm32cubeide_1.4.0/stm32cubeide/plugins/com.st.stm32cube.ide.mcu.externaltools.gnu-tools-for-stm32.7-2018-q2-update.win32_1.5.0.202011040924/tools/bin/../lib/gcc/arm-none-eabi/7.3.1/thumb/v7-m/crti.o
 .ARM.attributes
                0x000000000000001d       0x2d c:/st/stm32cubeide_1.4.0/stm32cubeide/plugins/com.st.stm32cube.ide.mcu.externaltools.gnu-tools-for-stm32.7-2018-q2-update.win32_1.5.0.202011040924/tools/bin/../lib/gcc/arm-none-eabi/7.3.1/thumb/v7-m/crtbegin.o
 .ARM.attributes
                0x000000000000004a       0x33 Core/Src/CONTROL.o
 .ARM.attributes
                0x000000000000007d       0x33 Core/Src/I2Cdev.o
 .ARM.attributes
                0x00000000000000b0       0x33 Core/Src/LED.o
 .ARM.attributes
                0x00000000000000e3       0x33 Core/Src/MOTOR.o
 .ARM.attributes
                0x0000000000000116       0x33 Core/Src/MPU6050.o
 .ARM.attributes
                0x0000000000000149       0x33 Core/Src/adc.o
 .ARM.attributes
                0x000000000000017c       0x33 Core/Src/dma.o
 .ARM.attributes
                0x00000000000001af       0x33 Core/Src/gpio.o
 .ARM.attributes
                0x00000000000001e2       0x33 Core/Src/i2c.o
 .ARM.attributes
                0x0000000000000215       0x33 Core/Src/main.o
 .ARM.attributes
                0x0000000000000248       0x33 Core/Src/stm32f1xx_hal_msp.o
 .ARM.attributes
                0x000000000000027b       0x33 Core/Src/stm32f1xx_it.o
 .ARM.attributes
                0x00000000000002ae       0x33 Core/Src/sysmem.o
 .ARM.attributes
                0x00000000000002e1       0x33 Core/Src/system_stm32f1xx.o
 .ARM.attributes
                0x0000000000000314       0x33 Core/Src/tim.o
 .ARM.attributes
                0x0000000000000347       0x33 Core/Src/usart.o
 .ARM.attributes
                0x000000000000037a       0x21 Core/Startup/startup_stm32f103c8tx.o
 .ARM.attributes
                0x000000000000039b       0x33 Drivers/STM32F1xx_HAL_Driver/Src/stm32f1xx_hal.o
 .ARM.attributes
                0x00000000000003ce       0x33 Drivers/STM32F1xx_HAL_Driver/Src/stm32f1xx_hal_adc.o
 .ARM.attributes
                0x0000000000000401       0x33 Drivers/STM32F1xx_HAL_Driver/Src/stm32f1xx_hal_cortex.o
 .ARM.attributes
                0x0000000000000434       0x33 Drivers/STM32F1xx_HAL_Driver/Src/stm32f1xx_hal_dma.o
 .ARM.attributes
                0x0000000000000467       0x33 Drivers/STM32F1xx_HAL_Driver/Src/stm32f1xx_hal_gpio.o
 .ARM.attributes
                0x000000000000049a       0x33 Drivers/STM32F1xx_HAL_Driver/Src/stm32f1xx_hal_i2c.o
 .ARM.attributes
                0x00000000000004cd       0x33 Drivers/STM32F1xx_HAL_Driver/Src/stm32f1xx_hal_rcc.o
 .ARM.attributes
                0x0000000000000500       0x33 Drivers/STM32F1xx_HAL_Driver/Src/stm32f1xx_hal_rcc_ex.o
 .ARM.attributes
                0x0000000000000533       0x33 Drivers/STM32F1xx_HAL_Driver/Src/stm32f1xx_hal_tim.o
 .ARM.attributes
                0x0000000000000566       0x33 Drivers/STM32F1xx_HAL_Driver/Src/stm32f1xx_hal_tim_ex.o
 .ARM.attributes
                0x0000000000000599       0x33 Drivers/STM32F1xx_HAL_Driver/Src/stm32f1xx_hal_uart.o
 .ARM.attributes
                0x00000000000005cc       0x2d c:/st/stm32cubeide_1.4.0/stm32cubeide/plugins/com.st.stm32cube.ide.mcu.externaltools.gnu-tools-for-stm32.7-2018-q2-update.win32_1.5.0.202011040924/tools/bin/../lib/gcc/arm-none-eabi/7.3.1/../../../../arm-none-eabi/lib/thumb/v7-m\libc_nano.a(lib_a-errno.o)
 .ARM.attributes
                0x00000000000005f9       0x2d c:/st/stm32cubeide_1.4.0/stm32cubeide/plugins/com.st.stm32cube.ide.mcu.externaltools.gnu-tools-for-stm32.7-2018-q2-update.win32_1.5.0.202011040924/tools/bin/../lib/gcc/arm-none-eabi/7.3.1/../../../../arm-none-eabi/lib/thumb/v7-m\libc_nano.a(lib_a-impure.o)
 .ARM.attributes
                0x0000000000000626       0x2d c:/st/stm32cubeide_1.4.0/stm32cubeide/plugins/com.st.stm32cube.ide.mcu.externaltools.gnu-tools-for-stm32.7-2018-q2-update.win32_1.5.0.202011040924/tools/bin/../lib/gcc/arm-none-eabi/7.3.1/../../../../arm-none-eabi/lib/thumb/v7-m\libc_nano.a(lib_a-init.o)
 .ARM.attributes
                0x0000000000000653       0x2d c:/st/stm32cubeide_1.4.0/stm32cubeide/plugins/com.st.stm32cube.ide.mcu.externaltools.gnu-tools-for-stm32.7-2018-q2-update.win32_1.5.0.202011040924/tools/bin/../lib/gcc/arm-none-eabi/7.3.1/../../../../arm-none-eabi/lib/thumb/v7-m\libc_nano.a(lib_a-malloc.o)
 .ARM.attributes
                0x0000000000000680       0x2d c:/st/stm32cubeide_1.4.0/stm32cubeide/plugins/com.st.stm32cube.ide.mcu.externaltools.gnu-tools-for-stm32.7-2018-q2-update.win32_1.5.0.202011040924/tools/bin/../lib/gcc/arm-none-eabi/7.3.1/../../../../arm-none-eabi/lib/thumb/v7-m\libc_nano.a(lib_a-memcmp.o)
 .ARM.attributes
                0x00000000000006ad       0x2d c:/st/stm32cubeide_1.4.0/stm32cubeide/plugins/com.st.stm32cube.ide.mcu.externaltools.gnu-tools-for-stm32.7-2018-q2-update.win32_1.5.0.202011040924/tools/bin/../lib/gcc/arm-none-eabi/7.3.1/../../../../arm-none-eabi/lib/thumb/v7-m\libc_nano.a(lib_a-memset.o)
 .ARM.attributes
                0x00000000000006da       0x2d c:/st/stm32cubeide_1.4.0/stm32cubeide/plugins/com.st.stm32cube.ide.mcu.externaltools.gnu-tools-for-stm32.7-2018-q2-update.win32_1.5.0.202011040924/tools/bin/../lib/gcc/arm-none-eabi/7.3.1/../../../../arm-none-eabi/lib/thumb/v7-m\libc_nano.a(lib_a-nano-freer.o)
 .ARM.attributes
                0x0000000000000707       0x2d c:/st/stm32cubeide_1.4.0/stm32cubeide/plugins/com.st.stm32cube.ide.mcu.externaltools.gnu-tools-for-stm32.7-2018-q2-update.win32_1.5.0.202011040924/tools/bin/../lib/gcc/arm-none-eabi/7.3.1/../../../../arm-none-eabi/lib/thumb/v7-m\libc_nano.a(lib_a-nano-mallocr.o)
 .ARM.attributes
                0x0000000000000734       0x2d c:/st/stm32cubeide_1.4.0/stm32cubeide/plugins/com.st.stm32cube.ide.mcu.externaltools.gnu-tools-for-stm32.7-2018-q2-update.win32_1.5.0.202011040924/tools/bin/../lib/gcc/arm-none-eabi/7.3.1/../../../../arm-none-eabi/lib/thumb/v7-m\libc_nano.a(lib_a-sbrkr.o)
 .ARM.attributes
                0x0000000000000761       0x2d c:/st/stm32cubeide_1.4.0/stm32cubeide/plugins/com.st.stm32cube.ide.mcu.externaltools.gnu-tools-for-stm32.7-2018-q2-update.win32_1.5.0.202011040924/tools/bin/../lib/gcc/arm-none-eabi/7.3.1/../../../../arm-none-eabi/lib/thumb/v7-m\libc_nano.a(lib_a-findfp.o)
 .ARM.attributes
                0x000000000000078e       0x2d c:/st/stm32cubeide_1.4.0/stm32cubeide/plugins/com.st.stm32cube.ide.mcu.externaltools.gnu-tools-for-stm32.7-2018-q2-update.win32_1.5.0.202011040924/tools/bin/../lib/gcc/arm-none-eabi/7.3.1/../../../../arm-none-eabi/lib/thumb/v7-m\libc_nano.a(lib_a-mlock.o)
 .ARM.attributes
                0x00000000000007bb       0x2d c:/st/stm32cubeide_1.4.0/stm32cubeide/plugins/com.st.stm32cube.ide.mcu.externaltools.gnu-tools-for-stm32.7-2018-q2-update.win32_1.5.0.202011040924/tools/bin/../lib/gcc/arm-none-eabi/7.3.1/../../../../arm-none-eabi/lib/thumb/v7-m\libc_nano.a(lib_a-reent.o)
 .ARM.attributes
                0x00000000000007e8       0x1d c:/st/stm32cubeide_1.4.0/stm32cubeide/plugins/com.st.stm32cube.ide.mcu.externaltools.gnu-tools-for-stm32.7-2018-q2-update.win32_1.5.0.202011040924/tools/bin/../lib/gcc/arm-none-eabi/7.3.1/thumb/v7-m\libgcc.a(_arm_addsubdf3.o)
 .ARM.attributes
                0x0000000000000805       0x1d c:/st/stm32cubeide_1.4.0/stm32cubeide/plugins/com.st.stm32cube.ide.mcu.externaltools.gnu-tools-for-stm32.7-2018-q2-update.win32_1.5.0.202011040924/tools/bin/../lib/gcc/arm-none-eabi/7.3.1/thumb/v7-m\libgcc.a(_arm_muldivdf3.o)
 .ARM.attributes
                0x0000000000000822       0x1d c:/st/stm32cubeide_1.4.0/stm32cubeide/plugins/com.st.stm32cube.ide.mcu.externaltools.gnu-tools-for-stm32.7-2018-q2-update.win32_1.5.0.202011040924/tools/bin/../lib/gcc/arm-none-eabi/7.3.1/thumb/v7-m\libgcc.a(_arm_fixunsdfsi.o)
 .ARM.attributes
                0x000000000000083f       0x1d c:/st/stm32cubeide_1.4.0/stm32cubeide/plugins/com.st.stm32cube.ide.mcu.externaltools.gnu-tools-for-stm32.7-2018-q2-update.win32_1.5.0.202011040924/tools/bin/../lib/gcc/arm-none-eabi/7.3.1/thumb/v7-m\libgcc.a(_arm_truncdfsf2.o)
 .ARM.attributes
                0x000000000000085c       0x1d c:/st/stm32cubeide_1.4.0/stm32cubeide/plugins/com.st.stm32cube.ide.mcu.externaltools.gnu-tools-for-stm32.7-2018-q2-update.win32_1.5.0.202011040924/tools/bin/../lib/gcc/arm-none-eabi/7.3.1/thumb/v7-m\libgcc.a(_arm_addsubsf3.o)
 .ARM.attributes
                0x0000000000000879       0x1d c:/st/stm32cubeide_1.4.0/stm32cubeide/plugins/com.st.stm32cube.ide.mcu.externaltools.gnu-tools-for-stm32.7-2018-q2-update.win32_1.5.0.202011040924/tools/bin/../lib/gcc/arm-none-eabi/7.3.1/thumb/v7-m\libgcc.a(_arm_muldivsf3.o)
 .ARM.attributes
                0x0000000000000896       0x1d c:/st/stm32cubeide_1.4.0/stm32cubeide/plugins/com.st.stm32cube.ide.mcu.externaltools.gnu-tools-for-stm32.7-2018-q2-update.win32_1.5.0.202011040924/tools/bin/../lib/gcc/arm-none-eabi/7.3.1/thumb/v7-m\libgcc.a(_arm_cmpsf2.o)
 .ARM.attributes
                0x00000000000008b3       0x1d c:/st/stm32cubeide_1.4.0/stm32cubeide/plugins/com.st.stm32cube.ide.mcu.externaltools.gnu-tools-for-stm32.7-2018-q2-update.win32_1.5.0.202011040924/tools/bin/../lib/gcc/arm-none-eabi/7.3.1/thumb/v7-m\libgcc.a(_arm_fixsfsi.o)
 .ARM.attributes
                0x00000000000008d0       0x1d c:/st/stm32cubeide_1.4.0/stm32cubeide/plugins/com.st.stm32cube.ide.mcu.externaltools.gnu-tools-for-stm32.7-2018-q2-update.win32_1.5.0.202011040924/tools/bin/../lib/gcc/arm-none-eabi/7.3.1/thumb/v7-m\libgcc.a(_arm_fixunssfsi.o)
 .ARM.attributes
                0x00000000000008ed       0x1d c:/st/stm32cubeide_1.4.0/stm32cubeide/plugins/com.st.stm32cube.ide.mcu.externaltools.gnu-tools-for-stm32.7-2018-q2-update.win32_1.5.0.202011040924/tools/bin/../lib/gcc/arm-none-eabi/7.3.1/thumb/v7-m/crtn.o
OUTPUT(CC13.elf elf32-littlearm)

.debug_info     0x0000000000000000    0x1c500
 .debug_info    0x0000000000000000     0x36c3 Core/Src/CONTROL.o
 .debug_info    0x00000000000036c3      0xfe9 Core/Src/I2Cdev.o
 .debug_info    0x00000000000046ac     0x25cf Core/Src/LED.o
 .debug_info    0x0000000000006c7b     0x1dcc Core/Src/MOTOR.o
 .debug_info    0x0000000000008a47     0x42c0 Core/Src/MPU6050.o
 .debug_info    0x000000000000cd07      0x81b Core/Src/adc.o
 .debug_info    0x000000000000d522      0x36d Core/Src/dma.o
 .debug_info    0x000000000000d88f      0x36e Core/Src/gpio.o
 .debug_info    0x000000000000dbfd      0x8c3 Core/Src/i2c.o
 .debug_info    0x000000000000e4c0      0xf2b Core/Src/main.o
 .debug_info    0x000000000000f3eb      0x2cb Core/Src/stm32f1xx_hal_msp.o
 .debug_info    0x000000000000f6b6      0x66a Core/Src/stm32f1xx_it.o
 .debug_info    0x000000000000fd20      0x985 Core/Src/sysmem.o
 .debug_info    0x00000000000106a5      0x433 Core/Src/system_stm32f1xx.o
 .debug_info    0x0000000000010ad8      0xc1a Core/Src/tim.o
 .debug_info    0x00000000000116f2      0x94f Core/Src/usart.o
 .debug_info    0x0000000000012041       0x22 Core/Startup/startup_stm32f103c8tx.o
 .debug_info    0x0000000000012063      0x6fe Drivers/STM32F1xx_HAL_Driver/Src/stm32f1xx_hal.o
 .debug_info    0x0000000000012761      0xc61 Drivers/STM32F1xx_HAL_Driver/Src/stm32f1xx_hal_adc.o
 .debug_info    0x00000000000133c2      0xb46 Drivers/STM32F1xx_HAL_Driver/Src/stm32f1xx_hal_cortex.o
 .debug_info    0x0000000000013f08      0x7a6 Drivers/STM32F1xx_HAL_Driver/Src/stm32f1xx_hal_dma.o
 .debug_info    0x00000000000146ae      0x681 Drivers/STM32F1xx_HAL_Driver/Src/stm32f1xx_hal_gpio.o
 .debug_info    0x0000000000014d2f     0x2457 Drivers/STM32F1xx_HAL_Driver/Src/stm32f1xx_hal_i2c.o
 .debug_info    0x0000000000017186      0x804 Drivers/STM32F1xx_HAL_Driver/Src/stm32f1xx_hal_rcc.o
 .debug_info    0x000000000001798a      0x439 Drivers/STM32F1xx_HAL_Driver/Src/stm32f1xx_hal_rcc_ex.o
 .debug_info    0x0000000000017dc3     0x2456 Drivers/STM32F1xx_HAL_Driver/Src/stm32f1xx_hal_tim.o
 .debug_info    0x000000000001a219     0x1104 Drivers/STM32F1xx_HAL_Driver/Src/stm32f1xx_hal_tim_ex.o
 .debug_info    0x000000000001b31d     0x11e3 Drivers/STM32F1xx_HAL_Driver/Src/stm32f1xx_hal_uart.o

.debug_abbrev   0x0000000000000000     0x3a9c
 .debug_abbrev  0x0000000000000000      0x4f1 Core/Src/CONTROL.o
 .debug_abbrev  0x00000000000004f1      0x2ad Core/Src/I2Cdev.o
 .debug_abbrev  0x000000000000079e      0x3e7 Core/Src/LED.o
 .debug_abbrev  0x0000000000000b85      0x360 Core/Src/MOTOR.o
 .debug_abbrev  0x0000000000000ee5      0x4cb Core/Src/MPU6050.o
 .debug_abbrev  0x00000000000013b0      0x1aa Core/Src/adc.o
 .debug_abbrev  0x000000000000155a      0x107 Core/Src/dma.o
 .debug_abbrev  0x0000000000001661      0x134 Core/Src/gpio.o
 .debug_abbrev  0x0000000000001795      0x199 Core/Src/i2c.o
 .debug_abbrev  0x000000000000192e      0x1a3 Core/Src/main.o
 .debug_abbrev  0x0000000000001ad1      0x109 Core/Src/stm32f1xx_hal_msp.o
 .debug_abbrev  0x0000000000001bda      0x149 Core/Src/stm32f1xx_it.o
 .debug_abbrev  0x0000000000001d23      0x19b Core/Src/sysmem.o
 .debug_abbrev  0x0000000000001ebe      0x134 Core/Src/system_stm32f1xx.o
 .debug_abbrev  0x0000000000001ff2      0x216 Core/Src/tim.o
 .debug_abbrev  0x0000000000002208      0x1a2 Core/Src/usart.o
 .debug_abbrev  0x00000000000023aa       0x12 Core/Startup/startup_stm32f103c8tx.o
 .debug_abbrev  0x00000000000023bc      0x1d8 Drivers/STM32F1xx_HAL_Driver/Src/stm32f1xx_hal.o
 .debug_abbrev  0x0000000000002594      0x1d5 Drivers/STM32F1xx_HAL_Driver/Src/stm32f1xx_hal_adc.o
 .debug_abbrev  0x0000000000002769      0x2d5 Drivers/STM32F1xx_HAL_Driver/Src/stm32f1xx_hal_cortex.o
 .debug_abbrev  0x0000000000002a3e      0x1fe Drivers/STM32F1xx_HAL_Driver/Src/stm32f1xx_hal_dma.o
 .debug_abbrev  0x0000000000002c3c      0x1c0 Drivers/STM32F1xx_HAL_Driver/Src/stm32f1xx_hal_gpio.o
 .debug_abbrev  0x0000000000002dfc      0x258 Drivers/STM32F1xx_HAL_Driver/Src/stm32f1xx_hal_i2c.o
 .debug_abbrev  0x0000000000003054      0x243 Drivers/STM32F1xx_HAL_Driver/Src/stm32f1xx_hal_rcc.o
 .debug_abbrev  0x0000000000003297      0x175 Drivers/STM32F1xx_HAL_Driver/Src/stm32f1xx_hal_rcc_ex.o
 .debug_abbrev  0x000000000000340c      0x230 Drivers/STM32F1xx_HAL_Driver/Src/stm32f1xx_hal_tim.o
 .debug_abbrev  0x000000000000363c      0x21e Drivers/STM32F1xx_HAL_Driver/Src/stm32f1xx_hal_tim_ex.o
 .debug_abbrev  0x000000000000385a      0x242 Drivers/STM32F1xx_HAL_Driver/Src/stm32f1xx_hal_uart.o

.debug_aranges  0x0000000000000000     0x1608
 .debug_aranges
                0x0000000000000000       0x90 Core/Src/CONTROL.o
 .debug_aranges
                0x0000000000000090       0x88 Core/Src/I2Cdev.o
 .debug_aranges
                0x0000000000000118      0x160 Core/Src/LED.o
 .debug_aranges
                0x0000000000000278       0x90 Core/Src/MOTOR.o
 .debug_aranges
                0x0000000000000308      0x2c8 Core/Src/MPU6050.o
 .debug_aranges
                0x00000000000005d0       0x30 Core/Src/adc.o
 .debug_aranges
                0x0000000000000600       0x20 Core/Src/dma.o
 .debug_aranges
                0x0000000000000620       0x20 Core/Src/gpio.o
 .debug_aranges
                0x0000000000000640       0x30 Core/Src/i2c.o
 .debug_aranges
                0x0000000000000670       0x38 Core/Src/main.o
 .debug_aranges
                0x00000000000006a8       0x20 Core/Src/stm32f1xx_hal_msp.o
 .debug_aranges
                0x00000000000006c8       0x78 Core/Src/stm32f1xx_it.o
 .debug_aranges
                0x0000000000000740       0x20 Core/Src/sysmem.o
 .debug_aranges
                0x0000000000000760       0x28 Core/Src/system_stm32f1xx.o
 .debug_aranges
                0x0000000000000788       0x60 Core/Src/tim.o
 .debug_aranges
                0x00000000000007e8       0x38 Core/Src/usart.o
 .debug_aranges
                0x0000000000000820       0x28 Core/Startup/startup_stm32f103c8tx.o
 .debug_aranges
                0x0000000000000848       0xe0 Drivers/STM32F1xx_HAL_Driver/Src/stm32f1xx_hal.o
 .debug_aranges
                0x0000000000000928       0xf0 Drivers/STM32F1xx_HAL_Driver/Src/stm32f1xx_hal_adc.o
 .debug_aranges
                0x0000000000000a18      0x100 Drivers/STM32F1xx_HAL_Driver/Src/stm32f1xx_hal_cortex.o
 .debug_aranges
                0x0000000000000b18       0x80 Drivers/STM32F1xx_HAL_Driver/Src/stm32f1xx_hal_dma.o
 .debug_aranges
                0x0000000000000b98       0x58 Drivers/STM32F1xx_HAL_Driver/Src/stm32f1xx_hal_gpio.o
 .debug_aranges
                0x0000000000000bf0      0x290 Drivers/STM32F1xx_HAL_Driver/Src/stm32f1xx_hal_i2c.o
 .debug_aranges
                0x0000000000000e80       0x90 Drivers/STM32F1xx_HAL_Driver/Src/stm32f1xx_hal_rcc.o
 .debug_aranges
                0x0000000000000f10       0x30 Drivers/STM32F1xx_HAL_Driver/Src/stm32f1xx_hal_rcc_ex.o
 .debug_aranges
                0x0000000000000f40      0x3a8 Drivers/STM32F1xx_HAL_Driver/Src/stm32f1xx_hal_tim.o
 .debug_aranges
                0x00000000000012e8      0x150 Drivers/STM32F1xx_HAL_Driver/Src/stm32f1xx_hal_tim_ex.o
 .debug_aranges
                0x0000000000001438      0x1d0 Drivers/STM32F1xx_HAL_Driver/Src/stm32f1xx_hal_uart.o

.debug_ranges   0x0000000000000000     0x1470
 .debug_ranges  0x0000000000000000       0x80 Core/Src/CONTROL.o
 .debug_ranges  0x0000000000000080       0x78 Core/Src/I2Cdev.o
 .debug_ranges  0x00000000000000f8      0x150 Core/Src/LED.o
 .debug_ranges  0x0000000000000248       0x80 Core/Src/MOTOR.o
 .debug_ranges  0x00000000000002c8      0x2b8 Core/Src/MPU6050.o
 .debug_ranges  0x0000000000000580       0x20 Core/Src/adc.o
 .debug_ranges  0x00000000000005a0       0x10 Core/Src/dma.o
 .debug_ranges  0x00000000000005b0       0x10 Core/Src/gpio.o
 .debug_ranges  0x00000000000005c0       0x20 Core/Src/i2c.o
 .debug_ranges  0x00000000000005e0       0x28 Core/Src/main.o
 .debug_ranges  0x0000000000000608       0x10 Core/Src/stm32f1xx_hal_msp.o
 .debug_ranges  0x0000000000000618       0x68 Core/Src/stm32f1xx_it.o
 .debug_ranges  0x0000000000000680       0x10 Core/Src/sysmem.o
 .debug_ranges  0x0000000000000690       0x18 Core/Src/system_stm32f1xx.o
 .debug_ranges  0x00000000000006a8       0x50 Core/Src/tim.o
 .debug_ranges  0x00000000000006f8       0x28 Core/Src/usart.o
 .debug_ranges  0x0000000000000720       0x20 Core/Startup/startup_stm32f103c8tx.o
 .debug_ranges  0x0000000000000740       0xd0 Drivers/STM32F1xx_HAL_Driver/Src/stm32f1xx_hal.o
 .debug_ranges  0x0000000000000810       0xe0 Drivers/STM32F1xx_HAL_Driver/Src/stm32f1xx_hal_adc.o
 .debug_ranges  0x00000000000008f0       0xf0 Drivers/STM32F1xx_HAL_Driver/Src/stm32f1xx_hal_cortex.o
 .debug_ranges  0x00000000000009e0       0x70 Drivers/STM32F1xx_HAL_Driver/Src/stm32f1xx_hal_dma.o
 .debug_ranges  0x0000000000000a50       0x48 Drivers/STM32F1xx_HAL_Driver/Src/stm32f1xx_hal_gpio.o
 .debug_ranges  0x0000000000000a98      0x2a0 Drivers/STM32F1xx_HAL_Driver/Src/stm32f1xx_hal_i2c.o
 .debug_ranges  0x0000000000000d38       0x80 Drivers/STM32F1xx_HAL_Driver/Src/stm32f1xx_hal_rcc.o
 .debug_ranges  0x0000000000000db8       0x20 Drivers/STM32F1xx_HAL_Driver/Src/stm32f1xx_hal_rcc_ex.o
 .debug_ranges  0x0000000000000dd8      0x398 Drivers/STM32F1xx_HAL_Driver/Src/stm32f1xx_hal_tim.o
 .debug_ranges  0x0000000000001170      0x140 Drivers/STM32F1xx_HAL_Driver/Src/stm32f1xx_hal_tim_ex.o
 .debug_ranges  0x00000000000012b0      0x1c0 Drivers/STM32F1xx_HAL_Driver/Src/stm32f1xx_hal_uart.o

.debug_macro    0x0000000000000000    0x19dba
 .debug_macro   0x0000000000000000      0x35a Core/Src/CONTROL.o
 .debug_macro   0x000000000000035a      0xb32 Core/Src/CONTROL.o
 .debug_macro   0x0000000000000e8c      0x22d Core/Src/CONTROL.o
 .debug_macro   0x00000000000010b9       0x2e Core/Src/CONTROL.o
 .debug_macro   0x00000000000010e7       0x22 Core/Src/CONTROL.o
 .debug_macro   0x0000000000001109       0x1c Core/Src/CONTROL.o
 .debug_macro   0x0000000000001125       0x22 Core/Src/CONTROL.o
 .debug_macro   0x0000000000001147       0x8e Core/Src/CONTROL.o
 .debug_macro   0x00000000000011d5       0x51 Core/Src/CONTROL.o
 .debug_macro   0x0000000000001226       0xef Core/Src/CONTROL.o
 .debug_macro   0x0000000000001315       0x6a Core/Src/CONTROL.o
 .debug_macro   0x000000000000137f      0x1df Core/Src/CONTROL.o
 .debug_macro   0x000000000000155e       0x1c Core/Src/CONTROL.o
 .debug_macro   0x000000000000157a       0x22 Core/Src/CONTROL.o
 .debug_macro   0x000000000000159c       0xc3 Core/Src/CONTROL.o
 .debug_macro   0x000000000000165f      0xd23 Core/Src/CONTROL.o
 .debug_macro   0x0000000000002382     0xe09e Core/Src/CONTROL.o
 .debug_macro   0x0000000000010420       0x43 Core/Src/CONTROL.o
 .debug_macro   0x0000000000010463      0x17b Core/Src/CONTROL.o
 .debug_macro   0x00000000000105de       0x5a Core/Src/CONTROL.o
 .debug_macro   0x0000000000010638      0x5be Core/Src/CONTROL.o
 .debug_macro   0x0000000000010bf6      0x289 Core/Src/CONTROL.o
 .debug_macro   0x0000000000010e7f      0x1cb Core/Src/CONTROL.o
 .debug_macro   0x000000000001104a      0x114 Core/Src/CONTROL.o
 .debug_macro   0x000000000001115e      0x1b2 Core/Src/CONTROL.o
 .debug_macro   0x0000000000011310       0x27 Core/Src/CONTROL.o
 .debug_macro   0x0000000000011337      0x136 Core/Src/CONTROL.o
 .debug_macro   0x000000000001146d      0x1bc Core/Src/CONTROL.o
 .debug_macro   0x0000000000011629       0x34 Core/Src/CONTROL.o
 .debug_macro   0x000000000001165d       0x3c Core/Src/CONTROL.o
 .debug_macro   0x0000000000011699       0x57 Core/Src/CONTROL.o
 .debug_macro   0x00000000000116f0      0x46a Core/Src/CONTROL.o
 .debug_macro   0x0000000000011b5a      0x1b5 Core/Src/CONTROL.o
 .debug_macro   0x0000000000011d0f       0x88 Core/Src/CONTROL.o
 .debug_macro   0x0000000000011d97      0x241 Core/Src/CONTROL.o
 .debug_macro   0x0000000000011fd8      0x280 Core/Src/CONTROL.o
 .debug_macro   0x0000000000012258      0x141 Core/Src/CONTROL.o
 .debug_macro   0x0000000000012399      0x88b Core/Src/CONTROL.o
 .debug_macro   0x0000000000012c24      0x26b Core/Src/CONTROL.o
 .debug_macro   0x0000000000012e8f       0x83 Core/Src/CONTROL.o
 .debug_macro   0x0000000000012f12      0x148 Core/Src/CONTROL.o
 .debug_macro   0x000000000001305a      0x168 Core/Src/CONTROL.o
 .debug_macro   0x00000000000131c2       0x10 Core/Src/CONTROL.o
 .debug_macro   0x00000000000131d2      0x3f4 Core/Src/CONTROL.o
 .debug_macro   0x00000000000135c6       0x18 Core/Src/CONTROL.o
 .debug_macro   0x00000000000135de       0x46 Core/Src/CONTROL.o
 .debug_macro   0x0000000000013624       0x18 Core/Src/CONTROL.o
 .debug_macro   0x000000000001363c       0x3c Core/Src/CONTROL.o
 .debug_macro   0x0000000000013678       0x34 Core/Src/CONTROL.o
 .debug_macro   0x00000000000136ac       0x52 Core/Src/CONTROL.o